Archive member included to satisfy reference by file (symbol)

c:/st/stm32cubeide_1.11.0/stm32cubeide/plugins/com.st.stm32cube.ide.mcu.externaltools.gnu-tools-for-stm32.10.3-2021.10.win32_1.0.100.202210260954/tools/bin/../lib/gcc/arm-none-eabi/10.3.1/../../../../arm-none-eabi/lib/thumb/v7e-m+fp/hard\libc_nano.a(lib_a-errno.o)
                              ./Core/Src/syscalls.o (__errno)
c:/st/stm32cubeide_1.11.0/stm32cubeide/plugins/com.st.stm32cube.ide.mcu.externaltools.gnu-tools-for-stm32.10.3-2021.10.win32_1.0.100.202210260954/tools/bin/../lib/gcc/arm-none-eabi/10.3.1/../../../../arm-none-eabi/lib/thumb/v7e-m+fp/hard\libc_nano.a(lib_a-exit.o)
                              c:/st/stm32cubeide_1.11.0/stm32cubeide/plugins/com.st.stm32cube.ide.mcu.externaltools.gnu-tools-for-stm32.10.3-2021.10.win32_1.0.100.202210260954/tools/bin/../lib/gcc/arm-none-eabi/10.3.1/../../../../arm-none-eabi/lib/thumb/v7e-m+fp/hard/crt0.o (exit)
c:/st/stm32cubeide_1.11.0/stm32cubeide/plugins/com.st.stm32cube.ide.mcu.externaltools.gnu-tools-for-stm32.10.3-2021.10.win32_1.0.100.202210260954/tools/bin/../lib/gcc/arm-none-eabi/10.3.1/../../../../arm-none-eabi/lib/thumb/v7e-m+fp/hard\libc_nano.a(lib_a-impure.o)
                              c:/st/stm32cubeide_1.11.0/stm32cubeide/plugins/com.st.stm32cube.ide.mcu.externaltools.gnu-tools-for-stm32.10.3-2021.10.win32_1.0.100.202210260954/tools/bin/../lib/gcc/arm-none-eabi/10.3.1/../../../../arm-none-eabi/lib/thumb/v7e-m+fp/hard\libc_nano.a(lib_a-exit.o) (_global_impure_ptr)
c:/st/stm32cubeide_1.11.0/stm32cubeide/plugins/com.st.stm32cube.ide.mcu.externaltools.gnu-tools-for-stm32.10.3-2021.10.win32_1.0.100.202210260954/tools/bin/../lib/gcc/arm-none-eabi/10.3.1/../../../../arm-none-eabi/lib/thumb/v7e-m+fp/hard\libc_nano.a(lib_a-init.o)
                              c:/st/stm32cubeide_1.11.0/stm32cubeide/plugins/com.st.stm32cube.ide.mcu.externaltools.gnu-tools-for-stm32.10.3-2021.10.win32_1.0.100.202210260954/tools/bin/../lib/gcc/arm-none-eabi/10.3.1/../../../../arm-none-eabi/lib/thumb/v7e-m+fp/hard/crt0.o (__libc_init_array)
c:/st/stm32cubeide_1.11.0/stm32cubeide/plugins/com.st.stm32cube.ide.mcu.externaltools.gnu-tools-for-stm32.10.3-2021.10.win32_1.0.100.202210260954/tools/bin/../lib/gcc/arm-none-eabi/10.3.1/../../../../arm-none-eabi/lib/thumb/v7e-m+fp/hard\libc_nano.a(lib_a-memset.o)
                              c:/st/stm32cubeide_1.11.0/stm32cubeide/plugins/com.st.stm32cube.ide.mcu.externaltools.gnu-tools-for-stm32.10.3-2021.10.win32_1.0.100.202210260954/tools/bin/../lib/gcc/arm-none-eabi/10.3.1/../../../../arm-none-eabi/lib/thumb/v7e-m+fp/hard/crt0.o (memset)

Discarded input sections

 .text          0x0000000000000000        0x0 c:/st/stm32cubeide_1.11.0/stm32cubeide/plugins/com.st.stm32cube.ide.mcu.externaltools.gnu-tools-for-stm32.10.3-2021.10.win32_1.0.100.202210260954/tools/bin/../lib/gcc/arm-none-eabi/10.3.1/thumb/v7e-m+fp/hard/crti.o
 .data          0x0000000000000000        0x0 c:/st/stm32cubeide_1.11.0/stm32cubeide/plugins/com.st.stm32cube.ide.mcu.externaltools.gnu-tools-for-stm32.10.3-2021.10.win32_1.0.100.202210260954/tools/bin/../lib/gcc/arm-none-eabi/10.3.1/thumb/v7e-m+fp/hard/crti.o
 .bss           0x0000000000000000        0x0 c:/st/stm32cubeide_1.11.0/stm32cubeide/plugins/com.st.stm32cube.ide.mcu.externaltools.gnu-tools-for-stm32.10.3-2021.10.win32_1.0.100.202210260954/tools/bin/../lib/gcc/arm-none-eabi/10.3.1/thumb/v7e-m+fp/hard/crti.o
 .data          0x0000000000000000        0x4 c:/st/stm32cubeide_1.11.0/stm32cubeide/plugins/com.st.stm32cube.ide.mcu.externaltools.gnu-tools-for-stm32.10.3-2021.10.win32_1.0.100.202210260954/tools/bin/../lib/gcc/arm-none-eabi/10.3.1/thumb/v7e-m+fp/hard/crtbegin.o
 .rodata        0x0000000000000000       0x24 c:/st/stm32cubeide_1.11.0/stm32cubeide/plugins/com.st.stm32cube.ide.mcu.externaltools.gnu-tools-for-stm32.10.3-2021.10.win32_1.0.100.202210260954/tools/bin/../lib/gcc/arm-none-eabi/10.3.1/thumb/v7e-m+fp/hard/crtbegin.o
 .text          0x0000000000000000       0x7c c:/st/stm32cubeide_1.11.0/stm32cubeide/plugins/com.st.stm32cube.ide.mcu.externaltools.gnu-tools-for-stm32.10.3-2021.10.win32_1.0.100.202210260954/tools/bin/../lib/gcc/arm-none-eabi/10.3.1/../../../../arm-none-eabi/lib/thumb/v7e-m+fp/hard/crt0.o
 .data          0x0000000000000000        0x0 c:/st/stm32cubeide_1.11.0/stm32cubeide/plugins/com.st.stm32cube.ide.mcu.externaltools.gnu-tools-for-stm32.10.3-2021.10.win32_1.0.100.202210260954/tools/bin/../lib/gcc/arm-none-eabi/10.3.1/../../../../arm-none-eabi/lib/thumb/v7e-m+fp/hard/crt0.o
 .bss           0x0000000000000000        0x0 c:/st/stm32cubeide_1.11.0/stm32cubeide/plugins/com.st.stm32cube.ide.mcu.externaltools.gnu-tools-for-stm32.10.3-2021.10.win32_1.0.100.202210260954/tools/bin/../lib/gcc/arm-none-eabi/10.3.1/../../../../arm-none-eabi/lib/thumb/v7e-m+fp/hard/crt0.o
[...]
Memory Configuration

Name             Origin             Length             Attributes
RAM              0x0000000020000000 0x0000000000008000 xrw
FLASH            0x0000000008000000 0x0000000000010000 xr
*default*        0x0000000000000000 0xffffffffffffffff

Linker script and memory map

LOAD c:/st/stm32cubeide_1.11.0/stm32cubeide/plugins/com.st.stm32cube.ide.mcu.externaltools.gnu-tools-for-stm32.10.3-2021.10.win32_1.0.100.202210260954/tools/bin/../lib/gcc/arm-none-eabi/10.3.1/thumb/v7e-m+fp/hard/crti.o
LOAD c:/st/stm32cubeide_1.11.0/stm32cubeide/plugins/com.st.stm32cube.ide.mcu.externaltools.gnu-tools-for-stm32.10.3-2021.10.win32_1.0.100.202210260954/tools/bin/../lib/gcc/arm-none-eabi/10.3.1/thumb/v7e-m+fp/hard/crtbegin.o
LOAD c:/st/stm32cubeide_1.11.0/stm32cubeide/plugins/com.st.stm32cube.ide.mcu.externaltools.gnu-tools-for-stm32.10.3-2021.10.win32_1.0.100.202210260954/tools/bin/../lib/gcc/arm-none-eabi/10.3.1/../../../../arm-none-eabi/lib/thumb/v7e-m+fp/hard/crt0.o
LOAD ./Core/Src/adc.o
LOAD ./Core/Src/cordic.o
LOAD ./Core/Src/fdcan.o
LOAD ./Core/Src/gpio.o
LOAD ./Core/Src/i2c.o
LOAD ./Core/Src/main.o
LOAD ./Core/Src/spi.o
LOAD ./Core/Src/stm32g4xx_hal_msp.o
LOAD ./Core/Src/stm32g4xx_it.o
LOAD ./Core/Src/syscalls.o
LOAD ./Core/Src/sysmem.o
LOAD ./Core/Src/system_stm32g4xx.o
LOAD ./Core/Src/tim.o
LOAD ./Core/Startup/startup_stm32g431c8tx.o
LOAD ./Drivers/STM32G4xx_HAL_Driver/Src/stm32g4xx_hal.o
LOAD ./Drivers/STM32G4xx_HAL_Driver/Src/stm32g4xx_hal_adc.o
LOAD ./Drivers/STM32G4xx_HAL_Driver/Src/stm32g4xx_hal_adc_ex.o
LOAD ./Drivers/STM32G4xx_HAL_Driver/Src/stm32g4xx_hal_cordic.o
LOAD ./Drivers/STM32G4xx_HAL_Driver/Src/stm32g4xx_hal_cortex.o
LOAD ./Drivers/STM32G4xx_HAL_Driver/Src/stm32g4xx_hal_dma.o
LOAD ./Drivers/STM32G4xx_HAL_Driver/Src/stm32g4xx_hal_dma_ex.o
LOAD ./Drivers/STM32G4xx_HAL_Driver/Src/stm32g4xx_hal_exti.o
LOAD ./Drivers/STM32G4xx_HAL_Driver/Src/stm32g4xx_hal_fdcan.o
LOAD ./Drivers/STM32G4xx_HAL_Driver/Src/stm32g4xx_hal_flash.o
LOAD ./Drivers/STM32G4xx_HAL_Driver/Src/stm32g4xx_hal_flash_ex.o
LOAD ./Drivers/STM32G4xx_HAL_Driver/Src/stm32g4xx_hal_flash_ramfunc.o
LOAD ./Drivers/STM32G4xx_HAL_Driver/Src/stm32g4xx_hal_gpio.o
LOAD ./Drivers/STM32G4xx_HAL_Driver/Src/stm32g4xx_hal_i2c.o
LOAD ./Drivers/STM32G4xx_HAL_Driver/Src/stm32g4xx_hal_i2c_ex.o
LOAD ./Drivers/STM32G4xx_HAL_Driver/Src/stm32g4xx_hal_pcd.o
LOAD ./Drivers/STM32G4xx_HAL_Driver/Src/stm32g4xx_hal_pcd_ex.o
LOAD ./Drivers/STM32G4xx_HAL_Driver/Src/stm32g4xx_hal_pwr.o
LOAD ./Drivers/STM32G4xx_HAL_Driver/Src/stm32g4xx_hal_pwr_ex.o
LOAD ./Drivers/STM32G4xx_HAL_Driver/Src/stm32g4xx_hal_rcc.o
LOAD ./Drivers/STM32G4xx_HAL_Driver/Src/stm32g4xx_hal_rcc_ex.o
LOAD ./Drivers/STM32G4xx_HAL_Driver/Src/stm32g4xx_hal_spi.o
LOAD ./Drivers/STM32G4xx_HAL_Driver/Src/stm32g4xx_hal_spi_ex.o
LOAD ./Drivers/STM32G4xx_HAL_Driver/Src/stm32g4xx_hal_tim.o
LOAD ./Drivers/STM32G4xx_HAL_Driver/Src/stm32g4xx_hal_tim_ex.o
LOAD ./Drivers/STM32G4xx_HAL_Driver/Src/stm32g4xx_ll_adc.o
LOAD ./Drivers/STM32G4xx_HAL_Driver/Src/stm32g4xx_ll_usb.o
LOAD ./Middlewares/ST/STM32_USB_Device_Library/Class/CDC/Src/usbd_cdc.o
LOAD ./Middlewares/ST/STM32_USB_Device_Library/Core/Src/usbd_core.o
LOAD ./Middlewares/ST/STM32_USB_Device_Library/Core/Src/usbd_ctlreq.o
LOAD ./Middlewares/ST/STM32_USB_Device_Library/Core/Src/usbd_ioreq.o
LOAD ./USB_Device/App/usb_device.o
LOAD ./USB_Device/App/usbd_cdc_if.o
LOAD ./USB_Device/App/usbd_desc.o
LOAD ./USB_Device/Target/usbd_conf.o
START GROUP
LOAD c:/st/stm32cubeide_1.11.0/stm32cubeide/plugins/com.st.stm32cube.ide.mcu.externaltools.gnu-tools-for-stm32.10.3-2021.10.win32_1.0.100.202210260954/tools/bin/../lib/gcc/arm-none-eabi/10.3.1/../../../../arm-none-eabi/lib/thumb/v7e-m+fp/hard\libc_nano.a
LOAD c:/st/stm32cubeide_1.11.0/stm32cubeide/plugins/com.st.stm32cube.ide.mcu.externaltools.gnu-tools-for-stm32.10.3-2021.10.win32_1.0.100.202210260954/tools/bin/../lib/gcc/arm-none-eabi/10.3.1/../../../../arm-none-eabi/lib/thumb/v7e-m+fp/hard\libm.a
END GROUP
START GROUP
LOAD c:/st/stm32cubeide_1.11.0/stm32cubeide/plugins/com.st.stm32cube.ide.mcu.externaltools.gnu-tools-for-stm32.10.3-2021.10.win32_1.0.100.202210260954/tools/bin/../lib/gcc/arm-none-eabi/10.3.1/thumb/v7e-m+fp/hard\libgcc.a
LOAD c:/st/stm32cubeide_1.11.0/stm32cubeide/plugins/com.st.stm32cube.ide.mcu.externaltools.gnu-tools-for-stm32.10.3-2021.10.win32_1.0.100.202210260954/tools/bin/../lib/gcc/arm-none-eabi/10.3.1/../../../../arm-none-eabi/lib/thumb/v7e-m+fp/hard\libc_nano.a
END GROUP
START GROUP
LOAD c:/st/stm32cubeide_1.11.0/stm32cubeide/plugins/com.st.stm32cube.ide.mcu.externaltools.gnu-tools-for-stm32.10.3-2021.10.win32_1.0.100.202210260954/tools/bin/../lib/gcc/arm-none-eabi/10.3.1/thumb/v7e-m+fp/hard\libgcc.a
LOAD c:/st/stm32cubeide_1.11.0/stm32cubeide/plugins/com.st.stm32cube.ide.mcu.externaltools.gnu-tools-for-stm32.10.3-2021.10.win32_1.0.100.202210260954/tools/bin/../lib/gcc/arm-none-eabi/10.3.1/../../../../arm-none-eabi/lib/thumb/v7e-m+fp/hard\libc_nano.a
LOAD c:/st/stm32cubeide_1.11.0/stm32cubeide/plugins/com.st.stm32cube.ide.mcu.externaltools.gnu-tools-for-stm32.10.3-2021.10.win32_1.0.100.202210260954/tools/bin/../lib/gcc/arm-none-eabi/10.3.1/../../../../arm-none-eabi/lib/thumb/v7e-m+fp/hard\libnosys.a
END GROUP
START GROUP
LOAD c:/st/stm32cubeide_1.11.0/stm32cubeide/plugins/com.st.stm32cube.ide.mcu.externaltools.gnu-tools-for-stm32.10.3-2021.10.win32_1.0.100.202210260954/tools/bin/../lib/gcc/arm-none-eabi/10.3.1/thumb/v7e-m+fp/hard\libgcc.a
LOAD c:/st/stm32cubeide_1.11.0/stm32cubeide/plugins/com.st.stm32cube.ide.mcu.externaltools.gnu-tools-for-stm32.10.3-2021.10.win32_1.0.100.202210260954/tools/bin/../lib/gcc/arm-none-eabi/10.3.1/../../../../arm-none-eabi/lib/thumb/v7e-m+fp/hard\libc_nano.a
LOAD c:/st/stm32cubeide_1.11.0/stm32cubeide/plugins/com.st.stm32cube.ide.mcu.externaltools.gnu-tools-for-stm32.10.3-2021.10.win32_1.0.100.202210260954/tools/bin/../lib/gcc/arm-none-eabi/10.3.1/../../../../arm-none-eabi/lib/thumb/v7e-m+fp/hard\libnosys.a
END GROUP
LOAD c:/st/stm32cubeide_1.11.0/stm32cubeide/plugins/com.st.stm32cube.ide.mcu.externaltools.gnu-tools-for-stm32.10.3-2021.10.win32_1.0.100.202210260954/tools/bin/../lib/gcc/arm-none-eabi/10.3.1/thumb/v7e-m+fp/hard/crtend.o
LOAD c:/st/stm32cubeide_1.11.0/stm32cubeide/plugins/com.st.stm32cube.ide.mcu.externaltools.gnu-tools-for-stm32.10.3-2021.10.win32_1.0.100.202210260954/tools/bin/../lib/gcc/arm-none-eabi/10.3.1/thumb/v7e-m+fp/hard/crtn.o
                0x0000000020008000                _estack = (ORIGIN (RAM) + LENGTH (RAM))
                0x0000000000000200                _Min_Heap_Size = 0x200
                0x0000000000000400                _Min_Stack_Size = 0x400

.isr_vector     0x0000000008000000      0x1d8
                0x0000000008000000                . = ALIGN (0x4)
 *(.isr_vector)
 .isr_vector    0x0000000008000000      0x1d8 ./Core/Startup/startup_stm32g431c8tx.o
                0x0000000008000000                g_pfnVectors
                0x00000000080001d8                . = ALIGN (0x4)

.text           0x00000000080001d8     0xa900
                0x00000000080001d8                . = ALIGN (0x4)
 *(.text)
 .text          0x00000000080001d8       0x40 c:/st/stm32cubeide_1.11.0/stm32cubeide/plugins/com.st.stm32cube.ide.mcu.externaltools.gnu-tools-for-stm32.10.3-2021.10.win32_1.0.100.202210260954/tools/bin/../lib/gcc/arm-none-eabi/10.3.1/thumb/v7e-m+fp/hard/crtbegin.o
 *(.text*)
 .text.MX_ADC1_Init
                0x0000000008000218       0xf4 ./Core/Src/adc.o
                0x0000000008000218                MX_ADC1_Init
 .text.MX_ADC2_Init
                0x000000000800030c       0xcc ./Core/Src/adc.o
                0x000000000800030c                MX_ADC2_Init
 .text.HAL_ADC_MspInit
                0x00000000080003d8      0x180 ./Core/Src/adc.o
                0x00000000080003d8                HAL_ADC_MspInit
 .text.MX_CORDIC_Init
                0x0000000008000558       0x28 ./Core/Src/cordic.o
                0x0000000008000558                MX_CORDIC_Init
 .text.HAL_CORDIC_MspInit
                0x0000000008000580       0x40 ./Core/Src/cordic.o
                0x0000000008000580                HAL_CORDIC_MspInit
 .text.MX_FDCAN1_Init
                0x00000000080005c0       0x8c ./Core/Src/fdcan.o
                0x00000000080005c0                MX_FDCAN1_Init
 .text.HAL_FDCAN_MspInit
                0x000000000800064c       0xb8 ./Core/Src/fdcan.o
                0x000000000800064c                HAL_FDCAN_MspInit
 .text.MX_GPIO_Init
                0x0000000008000704       0xac ./Core/Src/gpio.o
                0x0000000008000704                MX_GPIO_Init
 .text.MX_I2C1_Init
                0x00000000080007b0       0x80 ./Core/Src/i2c.o
                0x00000000080007b0                MX_I2C1_Init
 .text.HAL_I2C_MspInit
                0x0000000008000830       0xec ./Core/Src/i2c.o
                0x0000000008000830                HAL_I2C_MspInit
 .text.main     0x000000000800091c       0x48 ./Core/Src/main.o
                0x000000000800091c                main
 .text.SystemClock_Config
                0x0000000008000964       0x96 ./Core/Src/main.o
                0x0000000008000964                SystemClock_Config
 .text.Error_Handler
                0x00000000080009fa        0xa ./Core/Src/main.o
                0x00000000080009fa                Error_Handler
 .text.MX_SPI3_Init
                0x0000000008000a04       0x7c ./Core/Src/spi.o
                0x0000000008000a04                MX_SPI3_Init
 .text.HAL_SPI_MspInit
                0x0000000008000a80       0x88 ./Core/Src/spi.o
                0x0000000008000a80                HAL_SPI_MspInit
 .text.HAL_MspInit
                0x0000000008000b08       0x48 ./Core/Src/stm32g4xx_hal_msp.o
                0x0000000008000b08                HAL_MspInit
 .text.NMI_Handler
                0x0000000008000b50        0x6 ./Core/Src/stm32g4xx_it.o
                0x0000000008000b50                NMI_Handler
 .text.HardFault_Handler
                0x0000000008000b56        0x6 ./Core/Src/stm32g4xx_it.o
                0x0000000008000b56                HardFault_Handler
 .text.MemManage_Handler
                0x0000000008000b5c        0x6 ./Core/Src/stm32g4xx_it.o
                0x0000000008000b5c                MemManage_Handler
 .text.BusFault_Handler
                0x0000000008000b62        0x6 ./Core/Src/stm32g4xx_it.o
                0x0000000008000b62                BusFault_Handler
 .text.UsageFault_Handler
                0x0000000008000b68        0x6 ./Core/Src/stm32g4xx_it.o
                0x0000000008000b68                UsageFault_Handler
 .text.SVC_Handler
                0x0000000008000b6e        0xe ./Core/Src/stm32g4xx_it.o
                0x0000000008000b6e                SVC_Handler
 .text.DebugMon_Handler
                0x0000000008000b7c        0xe ./Core/Src/stm32g4xx_it.o
                0x0000000008000b7c                DebugMon_Handler
 .text.PendSV_Handler
                0x0000000008000b8a        0xe ./Core/Src/stm32g4xx_it.o
                0x0000000008000b8a                PendSV_Handler
 .text.SysTick_Handler
                0x0000000008000b98        0xc ./Core/Src/stm32g4xx_it.o
                0x0000000008000b98                SysTick_Handler
 .text.USB_LP_IRQHandler
                0x0000000008000ba4       0x14 ./Core/Src/stm32g4xx_it.o
                0x0000000008000ba4                USB_LP_IRQHandler
 .text.SystemInit
                0x0000000008000bb8       0x24 ./Core/Src/system_stm32g4xx.o
                0x0000000008000bb8                SystemInit
 .text.MX_TIM1_Init
                0x0000000008000bdc      0x158 ./Core/Src/tim.o
                0x0000000008000bdc                MX_TIM1_Init
 .text.HAL_TIM_PWM_MspInit
                0x0000000008000d34       0x40 ./Core/Src/tim.o
                0x0000000008000d34                HAL_TIM_PWM_MspInit
 .text.HAL_TIM_MspPostInit
                0x0000000008000d74       0xe8 ./Core/Src/tim.o
                0x0000000008000d74                HAL_TIM_MspPostInit
 .text.Reset_Handler
                0x0000000008000e5c       0x50 ./Core/Startup/startup_stm32g431c8tx.o
                0x0000000008000e5c                Reset_Handler
 .text.Default_Handler
                0x0000000008000eac        0x2 ./Core/Startup/startup_stm32g431c8tx.o
                0x0000000008000eac                RTC_Alarm_IRQHandler
                0x0000000008000eac                EXTI2_IRQHandler
                0x0000000008000eac                TIM8_TRG_COM_IRQHandler
                0x0000000008000eac                TIM8_CC_IRQHandler
                0x0000000008000eac                TIM1_CC_IRQHandler
                0x0000000008000eac                USB_HP_IRQHandler
                0x0000000008000eac                CORDIC_IRQHandler
                0x0000000008000eac                EXTI3_IRQHandler
                0x0000000008000eac                I2C3_ER_IRQHandler
                0x0000000008000eac                EXTI0_IRQHandler
                0x0000000008000eac                I2C2_EV_IRQHandler
                0x0000000008000eac                FPU_IRQHandler
                0x0000000008000eac                FDCAN1_IT1_IRQHandler
                0x0000000008000eac                TIM1_UP_TIM16_IRQHandler
                0x0000000008000eac                ADC1_2_IRQHandler
                0x0000000008000eac                SPI1_IRQHandler
                0x0000000008000eac                TIM6_DAC_IRQHandler
                0x0000000008000eac                TIM8_UP_IRQHandler
                0x0000000008000eac                DMA2_Channel2_IRQHandler
                0x0000000008000eac                DMA1_Channel4_IRQHandler
                0x0000000008000eac                USART3_IRQHandler
                0x0000000008000eac                TIM4_IRQHandler
                0x0000000008000eac                DMA2_Channel1_IRQHandler
                0x0000000008000eac                I2C1_EV_IRQHandler
                0x0000000008000eac                DMA1_Channel6_IRQHandler
                0x0000000008000eac                UART4_IRQHandler
                0x0000000008000eac                DMA2_Channel4_IRQHandler
                0x0000000008000eac                TIM3_IRQHandler
                0x0000000008000eac                RCC_IRQHandler
                0x0000000008000eac                DMA1_Channel1_IRQHandler
                0x0000000008000eac                Default_Handler
                0x0000000008000eac                RTC_TAMP_LSECSS_IRQHandler
                0x0000000008000eac                FMAC_IRQHandler
                0x0000000008000eac                EXTI15_10_IRQHandler
                0x0000000008000eac                TIM7_IRQHandler
                0x0000000008000eac                UCPD1_IRQHandler
                0x0000000008000eac                I2C3_EV_IRQHandler
                0x0000000008000eac                EXTI9_5_IRQHandler
                0x0000000008000eac                RTC_WKUP_IRQHandler
                0x0000000008000eac                PVD_PVM_IRQHandler
                0x0000000008000eac                SPI2_IRQHandler
                0x0000000008000eac                DMA2_Channel5_IRQHandler
                0x0000000008000eac                CRS_IRQHandler
                0x0000000008000eac                DMA1_Channel5_IRQHandler
                0x0000000008000eac                EXTI4_IRQHandler
                0x0000000008000eac                RNG_IRQHandler
                0x0000000008000eac                TIM1_TRG_COM_TIM17_IRQHandler
                0x0000000008000eac                DMA1_Channel3_IRQHandler
                0x0000000008000eac                WWDG_IRQHandler
                0x0000000008000eac                LPUART1_IRQHandler
                0x0000000008000eac                DMA2_Channel6_IRQHandler
                0x0000000008000eac                FDCAN1_IT0_IRQHandler
                0x0000000008000eac                TIM2_IRQHandler
                0x0000000008000eac                COMP1_2_3_IRQHandler
                0x0000000008000eac                EXTI1_IRQHandler
                0x0000000008000eac                USART2_IRQHandler
                0x0000000008000eac                I2C2_ER_IRQHandler
                0x0000000008000eac                DMA1_Channel2_IRQHandler
                0x0000000008000eac                TIM8_BRK_IRQHandler
                0x0000000008000eac                FLASH_IRQHandler
                0x0000000008000eac                USART1_IRQHandler
                0x0000000008000eac                SPI3_IRQHandler
                0x0000000008000eac                I2C1_ER_IRQHandler
                0x0000000008000eac                LPTIM1_IRQHandler
                0x0000000008000eac                DMAMUX_OVR_IRQHandler
                0x0000000008000eac                USBWakeUp_IRQHandler
                0x0000000008000eac                SAI1_IRQHandler
                0x0000000008000eac                DMA2_Channel3_IRQHandler
                0x0000000008000eac                COMP4_IRQHandler
                0x0000000008000eac                TIM1_BRK_TIM15_IRQHandler
 .text.HAL_Init
                0x0000000008000eae       0x30 ./Drivers/STM32G4xx_HAL_Driver/Src/stm32g4xx_hal.o
                0x0000000008000eae                HAL_Init
 *fill*         0x0000000008000ede        0x2 
 .text.HAL_InitTick
                0x0000000008000ee0       0x74 ./Drivers/STM32G4xx_HAL_Driver/Src/stm32g4xx_hal.o
                0x0000000008000ee0                HAL_InitTick
 .text.HAL_IncTick
                0x0000000008000f54       0x24 ./Drivers/STM32G4xx_HAL_Driver/Src/stm32g4xx_hal.o
                0x0000000008000f54                HAL_IncTick
 .text.HAL_GetTick
                0x0000000008000f78       0x18 ./Drivers/STM32G4xx_HAL_Driver/Src/stm32g4xx_hal.o
                0x0000000008000f78                HAL_GetTick
 .text.HAL_Delay
                0x0000000008000f90       0x44 ./Drivers/STM32G4xx_HAL_Driver/Src/stm32g4xx_hal.o
                0x0000000008000f90                HAL_Delay
 .text.LL_ADC_SetCommonClock
                0x0000000008000fd4       0x26 ./Drivers/STM32G4xx_HAL_Driver/Src/stm32g4xx_hal_adc.o
 .text.LL_ADC_SetCommonPathInternalCh
                0x0000000008000ffa       0x26 ./Drivers/STM32G4xx_HAL_Driver/Src/stm32g4xx_hal_adc.o
 .text.LL_ADC_GetCommonPathInternalCh
                0x0000000008001020       0x1c ./Drivers/STM32G4xx_HAL_Driver/Src/stm32g4xx_hal_adc.o
 .text.LL_ADC_SetOffset
                0x000000000800103c       0x48 ./Drivers/STM32G4xx_HAL_Driver/Src/stm32g4xx_hal_adc.o
 .text.LL_ADC_GetOffsetChannel
                0x0000000008001084       0x2c ./Drivers/STM32G4xx_HAL_Driver/Src/stm32g4xx_hal_adc.o
 .text.LL_ADC_SetOffsetState
                0x00000000080010b0       0x36 ./Drivers/STM32G4xx_HAL_Driver/Src/stm32g4xx_hal_adc.o
 .text.LL_ADC_SetOffsetSign
                0x00000000080010e6       0x36 ./Drivers/STM32G4xx_HAL_Driver/Src/stm32g4xx_hal_adc.o
 .text.LL_ADC_SetOffsetSaturation
                0x000000000800111c       0x36 ./Drivers/STM32G4xx_HAL_Driver/Src/stm32g4xx_hal_adc.o
 .text.LL_ADC_SetSamplingTimeCommonConfig
                0x0000000008001152       0x26 ./Drivers/STM32G4xx_HAL_Driver/Src/stm32g4xx_hal_adc.o
 .text.LL_ADC_REG_SetSequencerRanks
                0x0000000008001178       0x58 ./Drivers/STM32G4xx_HAL_Driver/Src/stm32g4xx_hal_adc.o
 .text.LL_ADC_SetChannelSamplingTime
                0x00000000080011d0       0x56 ./Drivers/STM32G4xx_HAL_Driver/Src/stm32g4xx_hal_adc.o
 *fill*         0x0000000008001226        0x2 
 .text.LL_ADC_SetChannelSingleDiff
                0x0000000008001228       0x50 ./Drivers/STM32G4xx_HAL_Driver/Src/stm32g4xx_hal_adc.o
 .text.LL_ADC_DisableDeepPowerDown
                0x0000000008001278       0x24 ./Drivers/STM32G4xx_HAL_Driver/Src/stm32g4xx_hal_adc.o
 .text.LL_ADC_IsDeepPowerDownEnabled
                0x000000000800129c       0x28 ./Drivers/STM32G4xx_HAL_Driver/Src/stm32g4xx_hal_adc.o
 .text.LL_ADC_EnableInternalRegulator
                0x00000000080012c4       0x28 ./Drivers/STM32G4xx_HAL_Driver/Src/stm32g4xx_hal_adc.o
 .text.LL_ADC_IsInternalRegulatorEnabled
                0x00000000080012ec       0x28 ./Drivers/STM32G4xx_HAL_Driver/Src/stm32g4xx_hal_adc.o
 .text.LL_ADC_IsEnabled
                0x0000000008001314       0x26 ./Drivers/STM32G4xx_HAL_Driver/Src/stm32g4xx_hal_adc.o
 .text.LL_ADC_REG_IsConversionOngoing
                0x000000000800133a       0x26 ./Drivers/STM32G4xx_HAL_Driver/Src/stm32g4xx_hal_adc.o
 .text.LL_ADC_INJ_IsConversionOngoing
                0x0000000008001360       0x26 ./Drivers/STM32G4xx_HAL_Driver/Src/stm32g4xx_hal_adc.o
 *fill*         0x0000000008001386        0x2 
 .text.HAL_ADC_Init
                0x0000000008001388      0x314 ./Drivers/STM32G4xx_HAL_Driver/Src/stm32g4xx_hal_adc.o
                0x0000000008001388                HAL_ADC_Init
 .text.HAL_ADC_ConfigChannel
                0x000000000800169c      0x7e0 ./Drivers/STM32G4xx_HAL_Driver/Src/stm32g4xx_hal_adc.o
                0x000000000800169c                HAL_ADC_ConfigChannel
 .text.LL_ADC_IsEnabled
                0x0000000008001e7c       0x26 ./Drivers/STM32G4xx_HAL_Driver/Src/stm32g4xx_hal_adc_ex.o
 .text.LL_ADC_REG_IsConversionOngoing
                0x0000000008001ea2       0x26 ./Drivers/STM32G4xx_HAL_Driver/Src/stm32g4xx_hal_adc_ex.o
 .text.HAL_ADCEx_MultiModeConfigChannel
                0x0000000008001ec8      0x148 ./Drivers/STM32G4xx_HAL_Driver/Src/stm32g4xx_hal_adc_ex.o
                0x0000000008001ec8                HAL_ADCEx_MultiModeConfigChannel
 .text.HAL_CORDIC_Init
                0x0000000008002010       0x62 ./Drivers/STM32G4xx_HAL_Driver/Src/stm32g4xx_hal_cordic.o
                0x0000000008002010                HAL_CORDIC_Init
 *fill*         0x0000000008002072        0x2 
 .text.__NVIC_SetPriorityGrouping
                0x0000000008002074       0x48 ./Drivers/STM32G4xx_HAL_Driver/Src/stm32g4xx_hal_cortex.o
 .text.__NVIC_GetPriorityGrouping
                0x00000000080020bc       0x1c ./Drivers/STM32G4xx_HAL_Driver/Src/stm32g4xx_hal_cortex.o
 .text.__NVIC_EnableIRQ
                0x00000000080020d8       0x3c ./Drivers/STM32G4xx_HAL_Driver/Src/stm32g4xx_hal_cortex.o
 .text.__NVIC_SetPriority
                0x0000000008002114       0x54 ./Drivers/STM32G4xx_HAL_Driver/Src/stm32g4xx_hal_cortex.o
 .text.NVIC_EncodePriority
                0x0000000008002168       0x66 ./Drivers/STM32G4xx_HAL_Driver/Src/stm32g4xx_hal_cortex.o
 *fill*         0x00000000080021ce        0x2 
 .text.SysTick_Config
                0x00000000080021d0       0x44 ./Drivers/STM32G4xx_HAL_Driver/Src/stm32g4xx_hal_cortex.o
 .text.HAL_NVIC_SetPriorityGrouping
                0x0000000008002214       0x16 ./Drivers/STM32G4xx_HAL_Driver/Src/stm32g4xx_hal_cortex.o
                0x0000000008002214                HAL_NVIC_SetPriorityGrouping
 .text.HAL_NVIC_SetPriority
                0x000000000800222a       0x34 ./Drivers/STM32G4xx_HAL_Driver/Src/stm32g4xx_hal_cortex.o
                0x000000000800222a                HAL_NVIC_SetPriority
 .text.HAL_NVIC_EnableIRQ
                0x000000000800225e       0x1c ./Drivers/STM32G4xx_HAL_Driver/Src/stm32g4xx_hal_cortex.o
                0x000000000800225e                HAL_NVIC_EnableIRQ
 .text.HAL_SYSTICK_Config
                0x000000000800227a       0x18 ./Drivers/STM32G4xx_HAL_Driver/Src/stm32g4xx_hal_cortex.o
                0x000000000800227a                HAL_SYSTICK_Config
 *fill*         0x0000000008002292        0x2 
 .text.HAL_FDCAN_Init
                0x0000000008002294      0x2b4 ./Drivers/STM32G4xx_HAL_Driver/Src/stm32g4xx_hal_fdcan.o
                0x0000000008002294                HAL_FDCAN_Init
 .text.FDCAN_CalcultateRamBlockAddresses
                0x0000000008002548       0xac ./Drivers/STM32G4xx_HAL_Driver/Src/stm32g4xx_hal_fdcan.o
 .text.HAL_GPIO_Init
                0x00000000080025f4      0x304 ./Drivers/STM32G4xx_HAL_Driver/Src/stm32g4xx_hal_gpio.o
                0x00000000080025f4                HAL_GPIO_Init
 .text.HAL_GPIO_WritePin
                0x00000000080028f8       0x30 ./Drivers/STM32G4xx_HAL_Driver/Src/stm32g4xx_hal_gpio.o
                0x00000000080028f8                HAL_GPIO_WritePin
 .text.HAL_GPIO_TogglePin
                0x0000000008002928       0x34 ./Drivers/STM32G4xx_HAL_Driver/Src/stm32g4xx_hal_gpio.o
                0x0000000008002928                HAL_GPIO_TogglePin
 .text.HAL_I2C_Init
                0x000000000800295c      0x11e ./Drivers/STM32G4xx_HAL_Driver/Src/stm32g4xx_hal_i2c.o
                0x000000000800295c                HAL_I2C_Init
 .text.HAL_I2CEx_ConfigAnalogFilter
                0x0000000008002a7a       0x96 ./Drivers/STM32G4xx_HAL_Driver/Src/stm32g4xx_hal_i2c_ex.o
                0x0000000008002a7a                HAL_I2CEx_ConfigAnalogFilter
 .text.HAL_I2CEx_ConfigDigitalFilter
                0x0000000008002b10       0x98 ./Drivers/STM32G4xx_HAL_Driver/Src/stm32g4xx_hal_i2c_ex.o
                0x0000000008002b10                HAL_I2CEx_ConfigDigitalFilter
 .text.HAL_PCD_Init
                0x0000000008002ba8      0x1ca ./Drivers/STM32G4xx_HAL_Driver/Src/stm32g4xx_hal_pcd.o
                0x0000000008002ba8                HAL_PCD_Init
 .text.HAL_PCD_Start
                0x0000000008002d72       0x44 ./Drivers/STM32G4xx_HAL_Driver/Src/stm32g4xx_hal_pcd.o
                0x0000000008002d72                HAL_PCD_Start
 .text.HAL_PCD_IRQHandler
                0x0000000008002db6      0x24e ./Drivers/STM32G4xx_HAL_Driver/Src/stm32g4xx_hal_pcd.o
                0x0000000008002db6                HAL_PCD_IRQHandler
 .text.HAL_PCD_SetAddress
                0x0000000008003004       0x4a ./Drivers/STM32G4xx_HAL_Driver/Src/stm32g4xx_hal_pcd.o
                0x0000000008003004                HAL_PCD_SetAddress
 .text.HAL_PCD_EP_Open
                0x000000000800304e       0xcc ./Drivers/STM32G4xx_HAL_Driver/Src/stm32g4xx_hal_pcd.o
                0x000000000800304e                HAL_PCD_EP_Open
 .text.HAL_PCD_EP_Close
                0x000000000800311a       0x90 ./Drivers/STM32G4xx_HAL_Driver/Src/stm32g4xx_hal_pcd.o
                0x000000000800311a                HAL_PCD_EP_Close
 .text.HAL_PCD_EP_Receive
                0x00000000080031aa       0x7a ./Drivers/STM32G4xx_HAL_Driver/Src/stm32g4xx_hal_pcd.o
                0x00000000080031aa                HAL_PCD_EP_Receive
 .text.HAL_PCD_EP_GetRxCount
                0x0000000008003224       0x30 ./Drivers/STM32G4xx_HAL_Driver/Src/stm32g4xx_hal_pcd.o
                0x0000000008003224                HAL_PCD_EP_GetRxCount
 .text.HAL_PCD_EP_Transmit
                0x0000000008003254       0x86 ./Drivers/STM32G4xx_HAL_Driver/Src/stm32g4xx_hal_pcd.o
                0x0000000008003254                HAL_PCD_EP_Transmit
 .text.HAL_PCD_EP_SetStall
                0x00000000080032da       0xa4 ./Drivers/STM32G4xx_HAL_Driver/Src/stm32g4xx_hal_pcd.o
                0x00000000080032da                HAL_PCD_EP_SetStall
 .text.HAL_PCD_EP_ClrStall
                0x000000000800337e       0xa8 ./Drivers/STM32G4xx_HAL_Driver/Src/stm32g4xx_hal_pcd.o
                0x000000000800337e                HAL_PCD_EP_ClrStall
 .text.PCD_EP_ISR_Handler
                0x0000000008003426      0x760 ./Drivers/STM32G4xx_HAL_Driver/Src/stm32g4xx_hal_pcd.o
 .text.HAL_PCD_EP_DB_Receive
                0x0000000008003b86      0x212 ./Drivers/STM32G4xx_HAL_Driver/Src/stm32g4xx_hal_pcd.o
 .text.HAL_PCD_EP_DB_Transmit
                0x0000000008003d98      0x79c ./Drivers/STM32G4xx_HAL_Driver/Src/stm32g4xx_hal_pcd.o
 .text.HAL_PCDEx_PMAConfig
                0x0000000008004534       0x86 ./Drivers/STM32G4xx_HAL_Driver/Src/stm32g4xx_hal_pcd_ex.o
                0x0000000008004534                HAL_PCDEx_PMAConfig
 .text.HAL_PCDEx_ActivateLPM
                0x00000000080045ba       0x54 ./Drivers/STM32G4xx_HAL_Driver/Src/stm32g4xx_hal_pcd_ex.o
                0x00000000080045ba                HAL_PCDEx_ActivateLPM
 *fill*         0x000000000800460e        0x2 
 .text.HAL_PWREx_ControlVoltageScaling
                0x0000000008004610      0x148 ./Drivers/STM32G4xx_HAL_Driver/Src/stm32g4xx_hal_pwr_ex.o
                0x0000000008004610                HAL_PWREx_ControlVoltageScaling
 .text.HAL_PWREx_DisableUCPDDeadBattery
                0x0000000008004758       0x20 ./Drivers/STM32G4xx_HAL_Driver/Src/stm32g4xx_hal_pwr_ex.o
                0x0000000008004758                HAL_PWREx_DisableUCPDDeadBattery
 .text.HAL_RCC_OscConfig
                0x0000000008004778      0x630 ./Drivers/STM32G4xx_HAL_Driver/Src/stm32g4xx_hal_rcc.o
                0x0000000008004778                HAL_RCC_OscConfig
 .text.HAL_RCC_ClockConfig
                0x0000000008004da8      0x278 ./Drivers/STM32G4xx_HAL_Driver/Src/stm32g4xx_hal_rcc.o
                0x0000000008004da8                HAL_RCC_ClockConfig
 .text.HAL_RCC_GetSysClockFreq
                0x0000000008005020       0xc4 ./Drivers/STM32G4xx_HAL_Driver/Src/stm32g4xx_hal_rcc.o
                0x0000000008005020                HAL_RCC_GetSysClockFreq
 .text.RCC_GetSysClockFreqFromPLLSource
                0x00000000080050e4       0x8c ./Drivers/STM32G4xx_HAL_Driver/Src/stm32g4xx_hal_rcc.o
 .text.HAL_RCCEx_PeriphCLKConfig
                0x0000000008005170      0x3e0 ./Drivers/STM32G4xx_HAL_Driver/Src/stm32g4xx_hal_rcc_ex.o
                0x0000000008005170                HAL_RCCEx_PeriphCLKConfig
 .text.HAL_SPI_Init
                0x0000000008005550      0x156 ./Drivers/STM32G4xx_HAL_Driver/Src/stm32g4xx_hal_spi.o
                0x0000000008005550                HAL_SPI_Init
 .text.HAL_TIM_PWM_Init
                0x00000000080056a6       0xae ./Drivers/STM32G4xx_HAL_Driver/Src/stm32g4xx_hal_tim.o
                0x00000000080056a6                HAL_TIM_PWM_Init
 .text.HAL_TIM_PWM_ConfigChannel
                0x0000000008005754      0x228 ./Drivers/STM32G4xx_HAL_Driver/Src/stm32g4xx_hal_tim.o
                0x0000000008005754                HAL_TIM_PWM_ConfigChannel
 .text.TIM_Base_SetConfig
                0x000000000800597c      0x120 ./Drivers/STM32G4xx_HAL_Driver/Src/stm32g4xx_hal_tim.o
                0x000000000800597c                TIM_Base_SetConfig
 .text.TIM_OC1_SetConfig
                0x0000000008005a9c      0x120 ./Drivers/STM32G4xx_HAL_Driver/Src/stm32g4xx_hal_tim.o
 .text.TIM_OC2_SetConfig
                0x0000000008005bbc      0x114 ./Drivers/STM32G4xx_HAL_Driver/Src/stm32g4xx_hal_tim.o
                0x0000000008005bbc                TIM_OC2_SetConfig
 .text.TIM_OC3_SetConfig
                0x0000000008005cd0      0x110 ./Drivers/STM32G4xx_HAL_Driver/Src/stm32g4xx_hal_tim.o
 .text.TIM_OC4_SetConfig
                0x0000000008005de0      0x114 ./Drivers/STM32G4xx_HAL_Driver/Src/stm32g4xx_hal_tim.o
 .text.TIM_OC5_SetConfig
                0x0000000008005ef4       0xc8 ./Drivers/STM32G4xx_HAL_Driver/Src/stm32g4xx_hal_tim.o
 .text.TIM_OC6_SetConfig
                0x0000000008005fbc       0xcc ./Drivers/STM32G4xx_HAL_Driver/Src/stm32g4xx_hal_tim.o
 .text.HAL_TIMEx_MasterConfigSynchronization
                0x0000000008006088      0x104 ./Drivers/STM32G4xx_HAL_Driver/Src/stm32g4xx_hal_tim_ex.o
                0x0000000008006088                HAL_TIMEx_MasterConfigSynchronization
 .text.HAL_TIMEx_ConfigBreakDeadTime
                0x000000000800618c      0x140 ./Drivers/STM32G4xx_HAL_Driver/Src/stm32g4xx_hal_tim_ex.o
                0x000000000800618c                HAL_TIMEx_ConfigBreakDeadTime
 .text.USB_EnableGlobalInt
                0x00000000080062cc       0x2e ./Drivers/STM32G4xx_HAL_Driver/Src/stm32g4xx_ll_usb.o
                0x00000000080062cc                USB_EnableGlobalInt
 .text.USB_DisableGlobalInt
                0x00000000080062fa       0x36 ./Drivers/STM32G4xx_HAL_Driver/Src/stm32g4xx_ll_usb.o
                0x00000000080062fa                USB_DisableGlobalInt
 .text.USB_DevInit
                0x0000000008006330       0x42 ./Drivers/STM32G4xx_HAL_Driver/Src/stm32g4xx_ll_usb.o
                0x0000000008006330                USB_DevInit
 *fill*         0x0000000008006372        0x2 
 .text.USB_ActivateEndpoint
                0x0000000008006374      0x728 ./Drivers/STM32G4xx_HAL_Driver/Src/stm32g4xx_ll_usb.o
                0x0000000008006374                USB_ActivateEndpoint
 .text.USB_DeactivateEndpoint
                0x0000000008006a9c      0x3da ./Drivers/STM32G4xx_HAL_Driver/Src/stm32g4xx_ll_usb.o
                0x0000000008006a9c                USB_DeactivateEndpoint
 .text.USB_EPStartXfer
                0x0000000008006e76     0x166c ./Drivers/STM32G4xx_HAL_Driver/Src/stm32g4xx_ll_usb.o
                0x0000000008006e76                USB_EPStartXfer
 .text.USB_EPSetStall
                0x00000000080084e2       0xa2 ./Drivers/STM32G4xx_HAL_Driver/Src/stm32g4xx_ll_usb.o
                0x00000000080084e2                USB_EPSetStall
 .text.USB_EPClearStall
                0x0000000008008584      0x15c ./Drivers/STM32G4xx_HAL_Driver/Src/stm32g4xx_ll_usb.o
                0x0000000008008584                USB_EPClearStall
 .text.USB_SetDevAddress
                0x00000000080086e0       0x28 ./Drivers/STM32G4xx_HAL_Driver/Src/stm32g4xx_ll_usb.o
                0x00000000080086e0                USB_SetDevAddress
 .text.USB_DevConnect
                0x0000000008008708       0x2e ./Drivers/STM32G4xx_HAL_Driver/Src/stm32g4xx_ll_usb.o
                0x0000000008008708                USB_DevConnect
 .text.USB_ReadInterrupts
                0x0000000008008736       0x20 ./Drivers/STM32G4xx_HAL_Driver/Src/stm32g4xx_ll_usb.o
                0x0000000008008736                USB_ReadInterrupts
 .text.USB_WritePMA
                0x0000000008008756       0x84 ./Drivers/STM32G4xx_HAL_Driver/Src/stm32g4xx_ll_usb.o
                0x0000000008008756                USB_WritePMA
 .text.USB_ReadPMA
                0x00000000080087da       0x98 ./Drivers/STM32G4xx_HAL_Driver/Src/stm32g4xx_ll_usb.o
                0x00000000080087da                USB_ReadPMA
 .text.USBD_CDC_Init
                0x0000000008008872       0xfe ./Middlewares/ST/STM32_USB_Device_Library/Class/CDC/Src/usbd_cdc.o
 .text.USBD_CDC_DeInit
                0x0000000008008970       0x74 ./Middlewares/ST/STM32_USB_Device_Library/Class/CDC/Src/usbd_cdc.o
 .text.USBD_CDC_Setup
                0x00000000080089e4      0x190 ./Middlewares/ST/STM32_USB_Device_Library/Class/CDC/Src/usbd_cdc.o
 .text.USBD_CDC_DataIn
                0x0000000008008b74       0xca ./Middlewares/ST/STM32_USB_Device_Library/Class/CDC/Src/usbd_cdc.o
 .text.USBD_CDC_DataOut
                0x0000000008008c3e       0x56 ./Middlewares/ST/STM32_USB_Device_Library/Class/CDC/Src/usbd_cdc.o
 .text.USBD_CDC_EP0_RxReady
                0x0000000008008c94       0x5a ./Middlewares/ST/STM32_USB_Device_Library/Class/CDC/Src/usbd_cdc.o
 *fill*         0x0000000008008cee        0x2 
 .text.USBD_CDC_GetFSCfgDesc
                0x0000000008008cf0       0x20 ./Middlewares/ST/STM32_USB_Device_Library/Class/CDC/Src/usbd_cdc.o
 .text.USBD_CDC_GetHSCfgDesc
                0x0000000008008d10       0x20 ./Middlewares/ST/STM32_USB_Device_Library/Class/CDC/Src/usbd_cdc.o
 .text.USBD_CDC_GetOtherSpeedCfgDesc
                0x0000000008008d30       0x20 ./Middlewares/ST/STM32_USB_Device_Library/Class/CDC/Src/usbd_cdc.o
 .text.USBD_CDC_GetDeviceQualifierDescriptor
                0x0000000008008d50       0x20 ./Middlewares/ST/STM32_USB_Device_Library/Class/CDC/Src/usbd_cdc.o
                0x0000000008008d50                USBD_CDC_GetDeviceQualifierDescriptor
 .text.USBD_CDC_RegisterInterface
                0x0000000008008d70       0x2a ./Middlewares/ST/STM32_USB_Device_Library/Class/CDC/Src/usbd_cdc.o
                0x0000000008008d70                USBD_CDC_RegisterInterface
 .text.USBD_CDC_SetTxBuffer
                0x0000000008008d9a       0x3c ./Middlewares/ST/STM32_USB_Device_Library/Class/CDC/Src/usbd_cdc.o
                0x0000000008008d9a                USBD_CDC_SetTxBuffer
 .text.USBD_CDC_SetRxBuffer
                0x0000000008008dd6       0x32 ./Middlewares/ST/STM32_USB_Device_Library/Class/CDC/Src/usbd_cdc.o
                0x0000000008008dd6                USBD_CDC_SetRxBuffer
 .text.USBD_CDC_ReceivePacket
                0x0000000008008e08       0x54 ./Middlewares/ST/STM32_USB_Device_Library/Class/CDC/Src/usbd_cdc.o
                0x0000000008008e08                USBD_CDC_ReceivePacket
 .text.USBD_Init
                0x0000000008008e5c       0x60 ./Middlewares/ST/STM32_USB_Device_Library/Core/Src/usbd_core.o
                0x0000000008008e5c                USBD_Init
 .text.USBD_RegisterClass
                0x0000000008008ebc       0x4e ./Middlewares/ST/STM32_USB_Device_Library/Core/Src/usbd_core.o
                0x0000000008008ebc                USBD_RegisterClass
 .text.USBD_Start
                0x0000000008008f0a       0x18 ./Middlewares/ST/STM32_USB_Device_Library/Core/Src/usbd_core.o
                0x0000000008008f0a                USBD_Start
 .text.USBD_RunTestMode
                0x0000000008008f22       0x16 ./Middlewares/ST/STM32_USB_Device_Library/Core/Src/usbd_core.o
                0x0000000008008f22                USBD_RunTestMode
 .text.USBD_SetClassConfig
                0x0000000008008f38       0x38 ./Middlewares/ST/STM32_USB_Device_Library/Core/Src/usbd_core.o
                0x0000000008008f38                USBD_SetClassConfig
 .text.USBD_ClrClassConfig
                0x0000000008008f70       0x30 ./Middlewares/ST/STM32_USB_Device_Library/Core/Src/usbd_core.o
                0x0000000008008f70                USBD_ClrClassConfig
 .text.USBD_LL_SetupStage
                0x0000000008008fa0       0xaa ./Middlewares/ST/STM32_USB_Device_Library/Core/Src/usbd_core.o
                0x0000000008008fa0                USBD_LL_SetupStage
 .text.USBD_LL_DataOutStage
                0x000000000800904a       0xc6 ./Middlewares/ST/STM32_USB_Device_Library/Core/Src/usbd_core.o
                0x000000000800904a                USBD_LL_DataOutStage
 .text.USBD_LL_DataInStage
                0x0000000008009110      0x12c ./Middlewares/ST/STM32_USB_Device_Library/Core/Src/usbd_core.o
                0x0000000008009110                USBD_LL_DataInStage
 .text.USBD_LL_Reset
                0x000000000800923c       0x9c ./Middlewares/ST/STM32_USB_Device_Library/Core/Src/usbd_core.o
                0x000000000800923c                USBD_LL_Reset
 .text.USBD_LL_SetSpeed
                0x00000000080092d8       0x20 ./Middlewares/ST/STM32_USB_Device_Library/Core/Src/usbd_core.o
                0x00000000080092d8                USBD_LL_SetSpeed
 .text.USBD_LL_Suspend
                0x00000000080092f8       0x2c ./Middlewares/ST/STM32_USB_Device_Library/Core/Src/usbd_core.o
                0x00000000080092f8                USBD_LL_Suspend
 .text.USBD_LL_Resume
                0x0000000008009324       0x30 ./Middlewares/ST/STM32_USB_Device_Library/Core/Src/usbd_core.o
                0x0000000008009324                USBD_LL_Resume
 .text.USBD_LL_SOF
                0x0000000008009354       0x44 ./Middlewares/ST/STM32_USB_Device_Library/Core/Src/usbd_core.o
                0x0000000008009354                USBD_LL_SOF
 .text.SWAPBYTE
                0x0000000008009398       0x3c ./Middlewares/ST/STM32_USB_Device_Library/Core/Src/usbd_ctlreq.o
 .text.USBD_StdDevReq
                0x00000000080093d4       0xdc ./Middlewares/ST/STM32_USB_Device_Library/Core/Src/usbd_ctlreq.o
                0x00000000080093d4                USBD_StdDevReq
 .text.USBD_StdItfReq
                0x00000000080094b0       0x92 ./Middlewares/ST/STM32_USB_Device_Library/Core/Src/usbd_ctlreq.o
                0x00000000080094b0                USBD_StdItfReq
 .text.USBD_StdEPReq
                0x0000000008009542      0x2c4 ./Middlewares/ST/STM32_USB_Device_Library/Core/Src/usbd_ctlreq.o
                0x0000000008009542                USBD_StdEPReq
 *fill*         0x0000000008009806        0x2 
 .text.USBD_GetDescriptor
                0x0000000008009808      0x328 ./Middlewares/ST/STM32_USB_Device_Library/Core/Src/usbd_ctlreq.o
 .text.USBD_SetAddress
                0x0000000008009b30       0x88 ./Middlewares/ST/STM32_USB_Device_Library/Core/Src/usbd_ctlreq.o
 .text.USBD_SetConfig
                0x0000000008009bb8      0x14c ./Middlewares/ST/STM32_USB_Device_Library/Core/Src/usbd_ctlreq.o
 .text.USBD_GetConfig
                0x0000000008009d04       0x6c ./Middlewares/ST/STM32_USB_Device_Library/Core/Src/usbd_ctlreq.o
 .text.USBD_GetStatus
                0x0000000008009d70       0x68 ./Middlewares/ST/STM32_USB_Device_Library/Core/Src/usbd_ctlreq.o
 .text.USBD_SetFeature
                0x0000000008009dd8       0x28 ./Middlewares/ST/STM32_USB_Device_Library/Core/Src/usbd_ctlreq.o
 .text.USBD_ClrFeature
                0x0000000008009e00       0x44 ./Middlewares/ST/STM32_USB_Device_Library/Core/Src/usbd_ctlreq.o
 .text.USBD_ParseSetupRequest
                0x0000000008009e44       0x74 ./Middlewares/ST/STM32_USB_Device_Library/Core/Src/usbd_ctlreq.o
                0x0000000008009e44                USBD_ParseSetupRequest
 .text.USBD_CtlError
                0x0000000008009eb8       0x22 ./Middlewares/ST/STM32_USB_Device_Library/Core/Src/usbd_ctlreq.o
                0x0000000008009eb8                USBD_CtlError
 .text.USBD_GetString
                0x0000000008009eda       0x8c ./Middlewares/ST/STM32_USB_Device_Library/Core/Src/usbd_ctlreq.o
                0x0000000008009eda                USBD_GetString
 .text.USBD_GetLen
                0x0000000008009f66       0x34 ./Middlewares/ST/STM32_USB_Device_Library/Core/Src/usbd_ctlreq.o
 .text.USBD_CtlSendData
                0x0000000008009f9a       0x36 ./Middlewares/ST/STM32_USB_Device_Library/Core/Src/usbd_ioreq.o
                0x0000000008009f9a                USBD_CtlSendData
 .text.USBD_CtlContinueSendData
                0x0000000008009fd0       0x22 ./Middlewares/ST/STM32_USB_Device_Library/Core/Src/usbd_ioreq.o
                0x0000000008009fd0                USBD_CtlContinueSendData
 .text.USBD_CtlPrepareRx
                0x0000000008009ff2       0x3a ./Middlewares/ST/STM32_USB_Device_Library/Core/Src/usbd_ioreq.o
                0x0000000008009ff2                USBD_CtlPrepareRx
 .text.USBD_CtlContinueRx
                0x000000000800a02c       0x22 ./Middlewares/ST/STM32_USB_Device_Library/Core/Src/usbd_ioreq.o
                0x000000000800a02c                USBD_CtlContinueRx
 .text.USBD_CtlSendStatus
                0x000000000800a04e       0x26 ./Middlewares/ST/STM32_USB_Device_Library/Core/Src/usbd_ioreq.o
                0x000000000800a04e                USBD_CtlSendStatus
 .text.USBD_CtlReceiveStatus
                0x000000000800a074       0x26 ./Middlewares/ST/STM32_USB_Device_Library/Core/Src/usbd_ioreq.o
                0x000000000800a074                USBD_CtlReceiveStatus
 *fill*         0x000000000800a09a        0x2 
 .text.MX_USB_Device_Init
                0x000000000800a09c       0x60 ./USB_Device/App/usb_device.o
                0x000000000800a09c                MX_USB_Device_Init
 .text.CDC_Init_FS
                0x000000000800a0fc       0x28 ./USB_Device/App/usbd_cdc_if.o
 .text.CDC_DeInit_FS
                0x000000000800a124       0x10 ./USB_Device/App/usbd_cdc_if.o
 .text.CDC_Control_FS
                0x000000000800a134       0xbc ./USB_Device/App/usbd_cdc_if.o
 .text.CDC_Receive_FS
                0x000000000800a1f0       0x28 ./USB_Device/App/usbd_cdc_if.o
 .text.CDC_TransmitCplt_FS
                0x000000000800a218       0x22 ./USB_Device/App/usbd_cdc_if.o
 *fill*         0x000000000800a23a        0x2 
 .text.USBD_CDC_DeviceDescriptor
                0x000000000800a23c       0x24 ./USB_Device/App/usbd_desc.o
                0x000000000800a23c                USBD_CDC_DeviceDescriptor
 .text.USBD_CDC_LangIDStrDescriptor
                0x000000000800a260       0x24 ./USB_Device/App/usbd_desc.o
                0x000000000800a260                USBD_CDC_LangIDStrDescriptor
 .text.USBD_CDC_ProductStrDescriptor
                0x000000000800a284       0x3c ./USB_Device/App/usbd_desc.o
                0x000000000800a284                USBD_CDC_ProductStrDescriptor
 .text.USBD_CDC_ManufacturerStrDescriptor
                0x000000000800a2c0       0x28 ./USB_Device/App/usbd_desc.o
                0x000000000800a2c0                USBD_CDC_ManufacturerStrDescriptor
 .text.USBD_CDC_SerialStrDescriptor
                0x000000000800a2e8       0x24 ./USB_Device/App/usbd_desc.o
                0x000000000800a2e8                USBD_CDC_SerialStrDescriptor
 .text.USBD_CDC_ConfigStrDescriptor
                0x000000000800a30c       0x3c ./USB_Device/App/usbd_desc.o
                0x000000000800a30c                USBD_CDC_ConfigStrDescriptor
 .text.USBD_CDC_InterfaceStrDescriptor
                0x000000000800a348       0x3c ./USB_Device/App/usbd_desc.o
                0x000000000800a348                USBD_CDC_InterfaceStrDescriptor
 .text.Get_SerialNum
                0x000000000800a384       0x58 ./USB_Device/App/usbd_desc.o
 .text.IntToUnicode
                0x000000000800a3dc       0x7e ./USB_Device/App/usbd_desc.o
 *fill*         0x000000000800a45a        0x2 
 .text.HAL_PCD_MspInit
                0x000000000800a45c       0x78 ./USB_Device/Target/usbd_conf.o
                0x000000000800a45c                HAL_PCD_MspInit
 .text.HAL_PCD_SetupStageCallback
                0x000000000800a4d4       0x24 ./USB_Device/Target/usbd_conf.o
                0x000000000800a4d4                HAL_PCD_SetupStageCallback
 .text.HAL_PCD_DataOutStageCallback
                0x000000000800a4f8       0x36 ./USB_Device/Target/usbd_conf.o
                0x000000000800a4f8                HAL_PCD_DataOutStageCallback
 .text.HAL_PCD_DataInStageCallback
                0x000000000800a52e       0x34 ./USB_Device/Target/usbd_conf.o
                0x000000000800a52e                HAL_PCD_DataInStageCallback
 .text.HAL_PCD_SOFCallback
                0x000000000800a562       0x1c ./USB_Device/Target/usbd_conf.o
                0x000000000800a562                HAL_PCD_SOFCallback
 .text.HAL_PCD_ResetCallback
                0x000000000800a57e       0x3c ./USB_Device/Target/usbd_conf.o
                0x000000000800a57e                HAL_PCD_ResetCallback
 *fill*         0x000000000800a5ba        0x2 
 .text.HAL_PCD_SuspendCallback
                0x000000000800a5bc       0x34 ./USB_Device/Target/usbd_conf.o
                0x000000000800a5bc                HAL_PCD_SuspendCallback
 .text.HAL_PCD_ResumeCallback
                0x000000000800a5f0       0x38 ./USB_Device/Target/usbd_conf.o
                0x000000000800a5f0                HAL_PCD_ResumeCallback
 .text.USBD_LL_Init
                0x000000000800a628       0xc0 ./USB_Device/Target/usbd_conf.o
                0x000000000800a628                USBD_LL_Init
 .text.USBD_LL_Start
                0x000000000800a6e8       0x36 ./USB_Device/Target/usbd_conf.o
                0x000000000800a6e8                USBD_LL_Start
 .text.USBD_LL_OpenEP
                0x000000000800a71e       0x4c ./USB_Device/Target/usbd_conf.o
                0x000000000800a71e                USBD_LL_OpenEP
 .text.USBD_LL_CloseEP
                0x000000000800a76a       0x3e ./USB_Device/Target/usbd_conf.o
                0x000000000800a76a                USBD_LL_CloseEP
 .text.USBD_LL_StallEP
                0x000000000800a7a8       0x3e ./USB_Device/Target/usbd_conf.o
                0x000000000800a7a8                USBD_LL_StallEP
 .text.USBD_LL_ClearStallEP
                0x000000000800a7e6       0x3e ./USB_Device/Target/usbd_conf.o
                0x000000000800a7e6                USBD_LL_ClearStallEP
 .text.USBD_LL_IsStallEP
                0x000000000800a824       0x5a ./USB_Device/Target/usbd_conf.o
                0x000000000800a824                USBD_LL_IsStallEP
 .text.USBD_LL_SetUSBAddress
                0x000000000800a87e       0x3e ./USB_Device/Target/usbd_conf.o
                0x000000000800a87e                USBD_LL_SetUSBAddress
 .text.USBD_LL_Transmit
                0x000000000800a8bc       0x42 ./USB_Device/Target/usbd_conf.o
                0x000000000800a8bc                USBD_LL_Transmit
 .text.USBD_LL_PrepareReceive
                0x000000000800a8fe       0x42 ./USB_Device/Target/usbd_conf.o
                0x000000000800a8fe                USBD_LL_PrepareReceive
 .text.USBD_LL_GetRxDataSize
                0x000000000800a940       0x26 ./USB_Device/Target/usbd_conf.o
                0x000000000800a940                USBD_LL_GetRxDataSize
 *fill*         0x000000000800a966        0x2 
 .text.HAL_PCDEx_LPM_Callback
                0x000000000800a968       0x6c ./USB_Device/Target/usbd_conf.o
                0x000000000800a968                HAL_PCDEx_LPM_Callback
 .text.USBD_static_malloc
                0x000000000800a9d4       0x1c ./USB_Device/Target/usbd_conf.o
                0x000000000800a9d4                USBD_static_malloc
 .text.USBD_static_free
                0x000000000800a9f0       0x14 ./USB_Device/Target/usbd_conf.o
                0x000000000800a9f0                USBD_static_free
 .text.SystemClockConfig_Resume
                0x000000000800aa04        0xc ./USB_Device/Target/usbd_conf.o
 .text.USBD_Get_USB_Status
                0x000000000800aa10       0x58 ./USB_Device/Target/usbd_conf.o
 .text.__libc_init_array
                0x000000000800aa68       0x48 c:/st/stm32cubeide_1.11.0/stm32cubeide/plugins/com.st.stm32cube.ide.mcu.externaltools.gnu-tools-for-stm32.10.3-2021.10.win32_1.0.100.202210260954/tools/bin/../lib/gcc/arm-none-eabi/10.3.1/../../../../arm-none-eabi/lib/thumb/v7e-m+fp/hard\libc_nano.a(lib_a-init.o)
                0x000000000800aa68                __libc_init_array
 .text.memset   0x000000000800aab0       0x10 c:/st/stm32cubeide_1.11.0/stm32cubeide/plugins/com.st.stm32cube.ide.mcu.externaltools.gnu-tools-for-stm32.10.3-2021.10.win32_1.0.100.202210260954/tools/bin/../lib/gcc/arm-none-eabi/10.3.1/../../../../arm-none-eabi/lib/thumb/v7e-m+fp/hard\libc_nano.a(lib_a-memset.o)
                0x000000000800aab0                memset
 *(.glue_7)
 .glue_7        0x000000000800aac0        0x0 linker stubs
 *(.glue_7t)
 .glue_7t       0x000000000800aac0        0x0 linker stubs
 *(.eh_frame)
 .eh_frame      0x000000000800aac0        0x0 c:/st/stm32cubeide_1.11.0/stm32cubeide/plugins/com.st.stm32cube.ide.mcu.externaltools.gnu-tools-for-stm32.10.3-2021.10.win32_1.0.100.202210260954/tools/bin/../lib/gcc/arm-none-eabi/10.3.1/thumb/v7e-m+fp/hard/crtbegin.o
 *(.init)
 .init          0x000000000800aac0        0x4 c:/st/stm32cubeide_1.11.0/stm32cubeide/plugins/com.st.stm32cube.ide.mcu.externaltools.gnu-tools-for-stm32.10.3-2021.10.win32_1.0.100.202210260954/tools/bin/../lib/gcc/arm-none-eabi/10.3.1/thumb/v7e-m+fp/hard/crti.o
                0x000000000800aac0                _init
 .init          0x000000000800aac4        0x8 c:/st/stm32cubeide_1.11.0/stm32cubeide/plugins/com.st.stm32cube.ide.mcu.externaltools.gnu-tools-for-stm32.10.3-2021.10.win32_1.0.100.202210260954/tools/bin/../lib/gcc/arm-none-eabi/10.3.1/thumb/v7e-m+fp/hard/crtn.o
 *(.fini)
 .fini          0x000000000800aacc        0x4 c:/st/stm32cubeide_1.11.0/stm32cubeide/plugins/com.st.stm32cube.ide.mcu.externaltools.gnu-tools-for-stm32.10.3-2021.10.win32_1.0.100.202210260954/tools/bin/../lib/gcc/arm-none-eabi/10.3.1/thumb/v7e-m+fp/hard/crti.o
                0x000000000800aacc                _fini
 .fini          0x000000000800aad0        0x8 c:/st/stm32cubeide_1.11.0/stm32cubeide/plugins/com.st.stm32cube.ide.mcu.externaltools.gnu-tools-for-stm32.10.3-2021.10.win32_1.0.100.202210260954/tools/bin/../lib/gcc/arm-none-eabi/10.3.1/thumb/v7e-m+fp/hard/crtn.o
                0x000000000800aad8                . = ALIGN (0x4)
                0x000000000800aad8                _etext = .

.vfp11_veneer   0x000000000800aad8        0x0
 .vfp11_veneer  0x000000000800aad8        0x0 linker stubs

.v4_bx          0x000000000800aad8        0x0
 .v4_bx         0x000000000800aad8        0x0 linker stubs

.iplt           0x000000000800aad8        0x0
 .iplt          0x000000000800aad8        0x0 c:/st/stm32cubeide_1.11.0/stm32cubeide/plugins/com.st.stm32cube.ide.mcu.externaltools.gnu-tools-for-stm32.10.3-2021.10.win32_1.0.100.202210260954/tools/bin/../lib/gcc/arm-none-eabi/10.3.1/thumb/v7e-m+fp/hard/crtbegin.o

.rodata         0x000000000800aad8       0x58
                0x000000000800aad8                . = ALIGN (0x4)
 *(.rodata)
 .rodata        0x000000000800aad8       0x46 ./USB_Device/App/usbd_desc.o
 *(.rodata*)
 *fill*         0x000000000800ab1e        0x2 
 .rodata.AHBPrescTable
                0x000000000800ab20       0x10 ./Core/Src/system_stm32g4xx.o
                0x000000000800ab20                AHBPrescTable
                0x000000000800ab30                . = ALIGN (0x4)

.rel.dyn        0x000000000800ab30        0x0
 .rel.iplt      0x000000000800ab30        0x0 c:/st/stm32cubeide_1.11.0/stm32cubeide/plugins/com.st.stm32cube.ide.mcu.externaltools.gnu-tools-for-stm32.10.3-2021.10.win32_1.0.100.202210260954/tools/bin/../lib/gcc/arm-none-eabi/10.3.1/thumb/v7e-m+fp/hard/crtbegin.o

.ARM.extab      0x000000000800ab30        0x0
                0x000000000800ab30                . = ALIGN (0x4)
 *(.ARM.extab* .gnu.linkonce.armextab.*)
                0x000000000800ab30                . = ALIGN (0x4)

.ARM            0x000000000800ab30        0x0
                0x000000000800ab30                . = ALIGN (0x4)
                0x000000000800ab30                __exidx_start = .
 *(.ARM.exidx*)
                0x000000000800ab30                __exidx_end = .
                0x000000000800ab30                . = ALIGN (0x4)

.preinit_array  0x000000000800ab30        0x0
                0x000000000800ab30                . = ALIGN (0x4)
                0x000000000800ab30                PROVIDE (__preinit_array_start = .)
 *(.preinit_array*)
                0x000000000800ab30                PROVIDE (__preinit_array_end = .)
                0x000000000800ab30                . = ALIGN (0x4)

.init_array     0x000000000800ab30        0x4
                0x000000000800ab30                . = ALIGN (0x4)
                0x000000000800ab30                PROVIDE (__init_array_start = .)
 *(SORT_BY_NAME(.init_array.*))
 *(.init_array*)
 .init_array    0x000000000800ab30        0x4 c:/st/stm32cubeide_1.11.0/stm32cubeide/plugins/com.st.stm32cube.ide.mcu.externaltools.gnu-tools-for-stm32.10.3-2021.10.win32_1.0.100.202210260954/tools/bin/../lib/gcc/arm-none-eabi/10.3.1/thumb/v7e-m+fp/hard/crtbegin.o
                0x000000000800ab34                PROVIDE (__init_array_end = .)
                0x000000000800ab34                . = ALIGN (0x4)

.fini_array     0x000000000800ab34        0x4
                0x000000000800ab34                . = ALIGN (0x4)
                [!provide]                        PROVIDE (__fini_array_start = .)
 *(SORT_BY_NAME(.fini_array.*))
 *(.fini_array*)
 .fini_array    0x000000000800ab34        0x4 c:/st/stm32cubeide_1.11.0/stm32cubeide/plugins/com.st.stm32cube.ide.mcu.externaltools.gnu-tools-for-stm32.10.3-2021.10.win32_1.0.100.202210260954/tools/bin/../lib/gcc/arm-none-eabi/10.3.1/thumb/v7e-m+fp/hard/crtbegin.o
                [!provide]                        PROVIDE (__fini_array_end = .)
                0x000000000800ab38                . = ALIGN (0x4)
                0x000000000800ab38                _sidata = LOADADDR (.data)

.data           0x0000000020000000      0x184 load address 0x000000000800ab38
                0x0000000020000000                . = ALIGN (0x4)
                0x0000000020000000                _sdata = .
 *(.data)
 *(.data*)
 .data.SystemCoreClock
                0x0000000020000000        0x4 ./Core/Src/system_stm32g4xx.o
                0x0000000020000000                SystemCoreClock
 .data.uwTickPrio
                0x0000000020000004        0x4 ./Drivers/STM32G4xx_HAL_Driver/Src/stm32g4xx_hal.o
                0x0000000020000004                uwTickPrio
 .data.uwTickFreq
                0x0000000020000008        0x4 ./Drivers/STM32G4xx_HAL_Driver/Src/stm32g4xx_hal.o
                0x0000000020000008                uwTickFreq
 .data.USBD_CDC_DeviceQualifierDesc
                0x000000002000000c        0xa ./Middlewares/ST/STM32_USB_Device_Library/Class/CDC/Src/usbd_cdc.o
 *fill*         0x0000000020000016        0x2 
 .data.USBD_CDC
                0x0000000020000018       0x38 ./Middlewares/ST/STM32_USB_Device_Library/Class/CDC/Src/usbd_cdc.o
                0x0000000020000018                USBD_CDC
 .data.USBD_CDC_CfgHSDesc
                0x0000000020000050       0x43 ./Middlewares/ST/STM32_USB_Device_Library/Class/CDC/Src/usbd_cdc.o
 *fill*         0x0000000020000093        0x1 
 .data.USBD_CDC_CfgFSDesc
                0x0000000020000094       0x43 ./Middlewares/ST/STM32_USB_Device_Library/Class/CDC/Src/usbd_cdc.o
 *fill*         0x00000000200000d7        0x1 
 .data.USBD_CDC_OtherSpeedCfgDesc
                0x00000000200000d8       0x43 ./Middlewares/ST/STM32_USB_Device_Library/Class/CDC/Src/usbd_cdc.o
 *fill*         0x000000002000011b        0x1 
 .data.USBD_Interface_fops_FS
                0x000000002000011c       0x14 ./USB_Device/App/usbd_cdc_if.o
                0x000000002000011c                USBD_Interface_fops_FS
 .data.CDC_Desc
                0x0000000020000130       0x20 ./USB_Device/App/usbd_desc.o
                0x0000000020000130                CDC_Desc
 .data.USBD_CDC_DeviceDesc
                0x0000000020000150       0x12 ./USB_Device/App/usbd_desc.o
                0x0000000020000150                USBD_CDC_DeviceDesc
 *fill*         0x0000000020000162        0x2 
 .data.USBD_LangIDDesc
                0x0000000020000164        0x4 ./USB_Device/App/usbd_desc.o
                0x0000000020000164                USBD_LangIDDesc
 .data.USBD_StringSerial
                0x0000000020000168       0x1a ./USB_Device/App/usbd_desc.o
                0x0000000020000168                USBD_StringSerial
 *(.RamFunc)
 *(.RamFunc*)
                0x0000000020000184                . = ALIGN (0x4)
 *fill*         0x0000000020000182        0x2 
                0x0000000020000184                _edata = .

.igot.plt       0x0000000020000184        0x0 load address 0x000000000800acbc
 .igot.plt      0x0000000020000184        0x0 c:/st/stm32cubeide_1.11.0/stm32cubeide/plugins/com.st.stm32cube.ide.mcu.externaltools.gnu-tools-for-stm32.10.3-2021.10.win32_1.0.100.202210260954/tools/bin/../lib/gcc/arm-none-eabi/10.3.1/thumb/v7e-m+fp/hard/crtbegin.o
                0x0000000020000184                . = ALIGN (0x4)

.bss            0x0000000020000184     0x143c load address 0x000000000800acbc
                0x0000000020000184                _sbss = .
                0x0000000020000184                __bss_start__ = _sbss
 *(.bss)
 .bss           0x0000000020000184       0x1c c:/st/stm32cubeide_1.11.0/stm32cubeide/plugins/com.st.stm32cube.ide.mcu.externaltools.gnu-tools-for-stm32.10.3-2021.10.win32_1.0.100.202210260954/tools/bin/../lib/gcc/arm-none-eabi/10.3.1/thumb/v7e-m+fp/hard/crtbegin.o
 *(.bss*)
 .bss.hadc1     0x00000000200001a0       0x6c ./Core/Src/adc.o
                0x00000000200001a0                hadc1
 .bss.hadc2     0x000000002000020c       0x6c ./Core/Src/adc.o
                0x000000002000020c                hadc2
 .bss.HAL_RCC_ADC12_CLK_ENABLED
                0x0000000020000278        0x4 ./Core/Src/adc.o
 .bss.hcordic   0x000000002000027c       0x28 ./Core/Src/cordic.o
                0x000000002000027c                hcordic
 .bss.hfdcan1   0x00000000200002a4       0x64 ./Core/Src/fdcan.o
                0x00000000200002a4                hfdcan1
 .bss.hi2c1     0x0000000020000308       0x4c ./Core/Src/i2c.o
                0x0000000020000308                hi2c1
 .bss.hspi3     0x0000000020000354       0x64 ./Core/Src/spi.o
                0x0000000020000354                hspi3
 .bss.htim1     0x00000000200003b8       0x4c ./Core/Src/tim.o
                0x00000000200003b8                htim1
 .bss.uwTick    0x0000000020000404        0x4 ./Drivers/STM32G4xx_HAL_Driver/Src/stm32g4xx_hal.o
                0x0000000020000404                uwTick
 .bss.cfgidx.0  0x0000000020000408        0x1 ./Middlewares/ST/STM32_USB_Device_Library/Core/Src/usbd_ctlreq.o
 *fill*         0x0000000020000409        0x3 
 .bss.hUsbDeviceFS
                0x000000002000040c      0x2d0 ./USB_Device/App/usb_device.o
                0x000000002000040c                hUsbDeviceFS
 .bss.UserRxBufferFS
                0x00000000200006dc      0x3e8 ./USB_Device/App/usbd_cdc_if.o
                0x00000000200006dc                UserRxBufferFS
 .bss.UserTxBufferFS
                0x0000000020000ac4      0x3e8 ./USB_Device/App/usbd_cdc_if.o
                0x0000000020000ac4                UserTxBufferFS
 .bss.USBD_StrDesc
                0x0000000020000eac      0x200 ./USB_Device/App/usbd_desc.o
                0x0000000020000eac                USBD_StrDesc
 .bss.hpcd_USB_FS
                0x00000000200010ac      0x2f4 ./USB_Device/Target/usbd_conf.o
                0x00000000200010ac                hpcd_USB_FS
 .bss.mem.0     0x00000000200013a0      0x220 ./USB_Device/Target/usbd_conf.o
 *(COMMON)
                0x00000000200015c0                . = ALIGN (0x4)
                0x00000000200015c0                _ebss = .
                0x00000000200015c0                __bss_end__ = _ebss

._user_heap_stack
                0x00000000200015c0      0x600 load address 0x000000000800acbc
                0x00000000200015c0                . = ALIGN (0x8)
                [!provide]                        PROVIDE (end = .)
                0x00000000200015c0                PROVIDE (_end = .)
                0x00000000200017c0                . = (. + _Min_Heap_Size)
 *fill*         0x00000000200015c0      0x200 
                0x0000000020001bc0                . = (. + _Min_Stack_Size)
 *fill*         0x00000000200017c0      0x400 
                0x0000000020001bc0                . = ALIGN (0x8)

/DISCARD/
 libc.a(*)
 libm.a(*)
 libgcc.a(*)

.ARM.attributes
                0x0000000000000000       0x30
 *(.ARM.attributes)
 .ARM.attributes
                0x0000000000000000       0x1e c:/st/stm32cubeide_1.11.0/stm32cubeide/plugins/com.st.stm32cube.ide.mcu.externaltools.gnu-tools-for-stm32.10.3-2021.10.win32_1.0.100.202210260954/tools/bin/../lib/gcc/arm-none-eabi/10.3.1/thumb/v7e-m+fp/hard/crti.o
 .ARM.attributes
                0x000000000000001e       0x34 c:/st/stm32cubeide_1.11.0/stm32cubeide/plugins/com.st.stm32cube.ide.mcu.externaltools.gnu-tools-for-stm32.10.3-2021.10.win32_1.0.100.202210260954/tools/bin/../lib/gcc/arm-none-eabi/10.3.1/thumb/v7e-m+fp/hard/crtbegin.o
 .ARM.attributes
                0x0000000000000052       0x34 ./Core/Src/adc.o
 .ARM.attributes
                0x0000000000000086       0x34 ./Core/Src/cordic.o
 .ARM.attributes
                0x00000000000000ba       0x34 ./Core/Src/fdcan.o
 .ARM.attributes
                0x00000000000000ee       0x34 ./Core/Src/gpio.o
 .ARM.attributes
                0x0000000000000122       0x34 ./Core/Src/i2c.o
 .ARM.attributes
                0x0000000000000156       0x34 ./Core/Src/main.o
 .ARM.attributes
                0x000000000000018a       0x34 ./Core/Src/spi.o
 .ARM.attributes
                0x00000000000001be       0x34 ./Core/Src/stm32g4xx_hal_msp.o
 .ARM.attributes
                0x00000000000001f2       0x34 ./Core/Src/stm32g4xx_it.o
 .ARM.attributes
                0x0000000000000226       0x34 ./Core/Src/system_stm32g4xx.o
 .ARM.attributes
                0x000000000000025a       0x34 ./Core/Src/tim.o
 .ARM.attributes
                0x000000000000028e       0x21 ./Core/Startup/startup_stm32g431c8tx.o
 .ARM.attributes
                0x00000000000002af       0x34 ./Drivers/STM32G4xx_HAL_Driver/Src/stm32g4xx_hal.o
 .ARM.attributes
                0x00000000000002e3       0x34 ./Drivers/STM32G4xx_HAL_Driver/Src/stm32g4xx_hal_adc.o
 .ARM.attributes
                0x0000000000000317       0x34 ./Drivers/STM32G4xx_HAL_Driver/Src/stm32g4xx_hal_adc_ex.o
 .ARM.attributes
                0x000000000000034b       0x34 ./Drivers/STM32G4xx_HAL_Driver/Src/stm32g4xx_hal_cordic.o
 .ARM.attributes
                0x000000000000037f       0x34 ./Drivers/STM32G4xx_HAL_Driver/Src/stm32g4xx_hal_cortex.o
 .ARM.attributes
                0x00000000000003b3       0x34 ./Drivers/STM32G4xx_HAL_Driver/Src/stm32g4xx_hal_fdcan.o
 .ARM.attributes
                0x00000000000003e7       0x34 ./Drivers/STM32G4xx_HAL_Driver/Src/stm32g4xx_hal_gpio.o
 .ARM.attributes
                0x000000000000041b       0x34 ./Drivers/STM32G4xx_HAL_Driver/Src/stm32g4xx_hal_i2c.o
 .ARM.attributes
                0x000000000000044f       0x34 ./Drivers/STM32G4xx_HAL_Driver/Src/stm32g4xx_hal_i2c_ex.o
 .ARM.attributes
                0x0000000000000483       0x34 ./Drivers/STM32G4xx_HAL_Driver/Src/stm32g4xx_hal_pcd.o
 .ARM.attributes
                0x00000000000004b7       0x34 ./Drivers/STM32G4xx_HAL_Driver/Src/stm32g4xx_hal_pcd_ex.o
 .ARM.attributes
                0x00000000000004eb       0x34 ./Drivers/STM32G4xx_HAL_Driver/Src/stm32g4xx_hal_pwr_ex.o
 .ARM.attributes
                0x000000000000051f       0x34 ./Drivers/STM32G4xx_HAL_Driver/Src/stm32g4xx_hal_rcc.o
 .ARM.attributes
                0x0000000000000553       0x34 ./Drivers/STM32G4xx_HAL_Driver/Src/stm32g4xx_hal_rcc_ex.o
 .ARM.attributes
                0x0000000000000587       0x34 ./Drivers/STM32G4xx_HAL_Driver/Src/stm32g4xx_hal_spi.o
 .ARM.attributes
                0x00000000000005bb       0x34 ./Drivers/STM32G4xx_HAL_Driver/Src/stm32g4xx_hal_tim.o
 .ARM.attributes
                0x00000000000005ef       0x34 ./Drivers/STM32G4xx_HAL_Driver/Src/stm32g4xx_hal_tim_ex.o
 .ARM.attributes
                0x0000000000000623       0x34 ./Drivers/STM32G4xx_HAL_Driver/Src/stm32g4xx_ll_usb.o
 .ARM.attributes
                0x0000000000000657       0x34 ./Middlewares/ST/STM32_USB_Device_Library/Class/CDC/Src/usbd_cdc.o
 .ARM.attributes
                0x000000000000068b       0x34 ./Middlewares/ST/STM32_USB_Device_Library/Core/Src/usbd_core.o
 .ARM.attributes
                0x00000000000006bf       0x34 ./Middlewares/ST/STM32_USB_Device_Library/Core/Src/usbd_ctlreq.o
 .ARM.attributes
                0x00000000000006f3       0x34 ./Middlewares/ST/STM32_USB_Device_Library/Core/Src/usbd_ioreq.o
 .ARM.attributes
                0x0000000000000727       0x34 ./USB_Device/App/usb_device.o
 .ARM.attributes
                0x000000000000075b       0x34 ./USB_Device/App/usbd_cdc_if.o
 .ARM.attributes
                0x000000000000078f       0x34 ./USB_Device/App/usbd_desc.o
 .ARM.attributes
                0x00000000000007c3       0x34 ./USB_Device/Target/usbd_conf.o
 .ARM.attributes
                0x00000000000007f7       0x34 c:/st/stm32cubeide_1.11.0/stm32cubeide/plugins/com.st.stm32cube.ide.mcu.externaltools.gnu-tools-for-stm32.10.3-2021.10.win32_1.0.100.202210260954/tools/bin/../lib/gcc/arm-none-eabi/10.3.1/../../../../arm-none-eabi/lib/thumb/v7e-m+fp/hard\libc_nano.a(lib_a-init.o)
 .ARM.attributes
                0x000000000000082b       0x34 c:/st/stm32cubeide_1.11.0/stm32cubeide/plugins/com.st.stm32cube.ide.mcu.externaltools.gnu-tools-for-stm32.10.3-2021.10.win32_1.0.100.202210260954/tools/bin/../lib/gcc/arm-none-eabi/10.3.1/../../../../arm-none-eabi/lib/thumb/v7e-m+fp/hard\libc_nano.a(lib_a-memset.o)
 .ARM.attributes
                0x000000000000085f       0x1e c:/st/stm32cubeide_1.11.0/stm32cubeide/plugins/com.st.stm32cube.ide.mcu.externaltools.gnu-tools-for-stm32.10.3-2021.10.win32_1.0.100.202210260954/tools/bin/../lib/gcc/arm-none-eabi/10.3.1/thumb/v7e-m+fp/hard/crtn.o
OUTPUT(quadrature.elf elf32-littlearm)
LOAD linker stubs
LOAD c:/st/stm32cubeide_1.11.0/stm32cubeide/plugins/com.st.stm32cube.ide.mcu.externaltools.gnu-tools-for-stm32.10.3-2021.10.win32_1.0.100.202210260954/tools/bin/../lib/gcc/arm-none-eabi/10.3.1/../../../../arm-none-eabi/lib/thumb/v7e-m+fp/hard\libc.a
LOAD c:/st/stm32cubeide_1.11.0/stm32cubeide/plugins/com.st.stm32cube.ide.mcu.externaltools.gnu-tools-for-stm32.10.3-2021.10.win32_1.0.100.202210260954/tools/bin/../lib/gcc/arm-none-eabi/10.3.1/../../../../arm-none-eabi/lib/thumb/v7e-m+fp/hard\libm.a
LOAD c:/st/stm32cubeide_1.11.0/stm32cubeide/plugins/com.st.stm32cube.ide.mcu.externaltools.gnu-tools-for-stm32.10.3-2021.10.win32_1.0.100.202210260954/tools/bin/../lib/gcc/arm-none-eabi/10.3.1/thumb/v7e-m+fp/hard\libgcc.a

.debug_info     0x0000000000000000    0x238ba
 .debug_info    0x0000000000000000      0xff3 ./Core/Src/adc.o
 .debug_info    0x0000000000000ff3      0x863 ./Core/Src/cordic.o
 .debug_info    0x0000000000001856      0xb54 ./Core/Src/fdcan.o
 .debug_info    0x00000000000023aa      0x4fd ./Core/Src/gpio.o
 .debug_info    0x00000000000028a7      0xd1c ./Core/Src/i2c.o
 .debug_info    0x00000000000035c3      0x43d ./Core/Src/main.o
 .debug_info    0x0000000000003a00      0xb7d ./Core/Src/spi.o
 .debug_info    0x000000000000457d      0x32d ./Core/Src/stm32g4xx_hal_msp.o
 .debug_info    0x00000000000048aa      0x6a6 ./Core/Src/stm32g4xx_it.o
 .debug_info    0x0000000000004f50      0x59f ./Core/Src/system_stm32g4xx.o
 .debug_info    0x00000000000054ef      0xf19 ./Core/Src/tim.o
 .debug_info    0x0000000000006408       0x22 ./Core/Startup/startup_stm32g431c8tx.o
 .debug_info    0x000000000000642a      0xae3 ./Drivers/STM32G4xx_HAL_Driver/Src/stm32g4xx_hal.o
 .debug_info    0x0000000000006f0d     0x213e ./Drivers/STM32G4xx_HAL_Driver/Src/stm32g4xx_hal_adc.o
 .debug_info    0x000000000000904b     0x1e4b ./Drivers/STM32G4xx_HAL_Driver/Src/stm32g4xx_hal_adc_ex.o
 .debug_info    0x000000000000ae96      0xb62 ./Drivers/STM32G4xx_HAL_Driver/Src/stm32g4xx_hal_cordic.o
 .debug_info    0x000000000000b9f8      0xdc4 ./Drivers/STM32G4xx_HAL_Driver/Src/stm32g4xx_hal_cortex.o
 .debug_info    0x000000000000c7bc     0x1964 ./Drivers/STM32G4xx_HAL_Driver/Src/stm32g4xx_hal_fdcan.o
 .debug_info    0x000000000000e120      0x82f ./Drivers/STM32G4xx_HAL_Driver/Src/stm32g4xx_hal_gpio.o
 .debug_info    0x000000000000e94f     0x22ea ./Drivers/STM32G4xx_HAL_Driver/Src/stm32g4xx_hal_i2c.o
 .debug_info    0x0000000000010c39      0xb61 ./Drivers/STM32G4xx_HAL_Driver/Src/stm32g4xx_hal_i2c_ex.o
 .debug_info    0x000000000001179a     0x16ac ./Drivers/STM32G4xx_HAL_Driver/Src/stm32g4xx_hal_pcd.o
 .debug_info    0x0000000000012e46      0x890 ./Drivers/STM32G4xx_HAL_Driver/Src/stm32g4xx_hal_pcd_ex.o
 .debug_info    0x00000000000136d6      0x983 ./Drivers/STM32G4xx_HAL_Driver/Src/stm32g4xx_hal_pwr_ex.o
 .debug_info    0x0000000000014059      0xc53 ./Drivers/STM32G4xx_HAL_Driver/Src/stm32g4xx_hal_rcc.o
 .debug_info    0x0000000000014cac      0xcfe ./Drivers/STM32G4xx_HAL_Driver/Src/stm32g4xx_hal_rcc_ex.o
 .debug_info    0x00000000000159aa     0x18b8 ./Drivers/STM32G4xx_HAL_Driver/Src/stm32g4xx_hal_spi.o
 .debug_info    0x0000000000017262     0x2e83 ./Drivers/STM32G4xx_HAL_Driver/Src/stm32g4xx_hal_tim.o
 .debug_info    0x000000000001a0e5     0x1eea ./Drivers/STM32G4xx_HAL_Driver/Src/stm32g4xx_hal_tim_ex.o
 .debug_info    0x000000000001bfcf     0x1675 ./Drivers/STM32G4xx_HAL_Driver/Src/stm32g4xx_ll_usb.o
 .debug_info    0x000000000001d644     0x11c1 ./Middlewares/ST/STM32_USB_Device_Library/Class/CDC/Src/usbd_cdc.o
 .debug_info    0x000000000001e805      0xbcd ./Middlewares/ST/STM32_USB_Device_Library/Core/Src/usbd_core.o
 .debug_info    0x000000000001f3d2      0xae0 ./Middlewares/ST/STM32_USB_Device_Library/Core/Src/usbd_ctlreq.o
 .debug_info    0x000000000001feb2      0x78f ./Middlewares/ST/STM32_USB_Device_Library/Core/Src/usbd_ioreq.o
 .debug_info    0x0000000000020641      0x71f ./USB_Device/App/usb_device.o
 .debug_info    0x0000000000020d60      0x925 ./USB_Device/App/usbd_cdc_if.o
 .debug_info    0x0000000000021685      0x49b ./USB_Device/App/usbd_desc.o
 .debug_info    0x0000000000021b20     0x1d9a ./USB_Device/Target/usbd_conf.o

.debug_abbrev   0x0000000000000000     0x4e90
 .debug_abbrev  0x0000000000000000      0x1e0 ./Core/Src/adc.o
 .debug_abbrev  0x00000000000001e0      0x19d ./Core/Src/cordic.o
 .debug_abbrev  0x000000000000037d      0x1bf ./Core/Src/fdcan.o
 .debug_abbrev  0x000000000000053c      0x146 ./Core/Src/gpio.o
 .debug_abbrev  0x0000000000000682      0x202 ./Core/Src/i2c.o
 .debug_abbrev  0x0000000000000884      0x1cd ./Core/Src/main.o
 .debug_abbrev  0x0000000000000a51      0x1e0 ./Core/Src/spi.o
 .debug_abbrev  0x0000000000000c31       0xd5 ./Core/Src/stm32g4xx_hal_msp.o
 .debug_abbrev  0x0000000000000d06      0x188 ./Core/Src/stm32g4xx_it.o
 .debug_abbrev  0x0000000000000e8e      0x116 ./Core/Src/system_stm32g4xx.o
 .debug_abbrev  0x0000000000000fa4      0x240 ./Core/Src/tim.o
 .debug_abbrev  0x00000000000011e4       0x12 ./Core/Startup/startup_stm32g431c8tx.o
 .debug_abbrev  0x00000000000011f6      0x269 ./Drivers/STM32G4xx_HAL_Driver/Src/stm32g4xx_hal.o
 .debug_abbrev  0x000000000000145f      0x2bf ./Drivers/STM32G4xx_HAL_Driver/Src/stm32g4xx_hal_adc.o
 .debug_abbrev  0x000000000000171e      0x2da ./Drivers/STM32G4xx_HAL_Driver/Src/stm32g4xx_hal_adc_ex.o
 .debug_abbrev  0x00000000000019f8      0x213 ./Drivers/STM32G4xx_HAL_Driver/Src/stm32g4xx_hal_cordic.o
 .debug_abbrev  0x0000000000001c0b      0x30d ./Drivers/STM32G4xx_HAL_Driver/Src/stm32g4xx_hal_cortex.o
 .debug_abbrev  0x0000000000001f18      0x1d3 ./Drivers/STM32G4xx_HAL_Driver/Src/stm32g4xx_hal_fdcan.o
 .debug_abbrev  0x00000000000020eb      0x1bb ./Drivers/STM32G4xx_HAL_Driver/Src/stm32g4xx_hal_gpio.o
 .debug_abbrev  0x00000000000022a6      0x243 ./Drivers/STM32G4xx_HAL_Driver/Src/stm32g4xx_hal_i2c.o
 .debug_abbrev  0x00000000000024e9      0x1b0 ./Drivers/STM32G4xx_HAL_Driver/Src/stm32g4xx_hal_i2c_ex.o
 .debug_abbrev  0x0000000000002699      0x2a4 ./Drivers/STM32G4xx_HAL_Driver/Src/stm32g4xx_hal_pcd.o
 .debug_abbrev  0x000000000000293d      0x21d ./Drivers/STM32G4xx_HAL_Driver/Src/stm32g4xx_hal_pcd_ex.o
 .debug_abbrev  0x0000000000002b5a      0x229 ./Drivers/STM32G4xx_HAL_Driver/Src/stm32g4xx_hal_pwr_ex.o
 .debug_abbrev  0x0000000000002d83      0x2bd ./Drivers/STM32G4xx_HAL_Driver/Src/stm32g4xx_hal_rcc.o
 .debug_abbrev  0x0000000000003040      0x247 ./Drivers/STM32G4xx_HAL_Driver/Src/stm32g4xx_hal_rcc_ex.o
 .debug_abbrev  0x0000000000003287      0x254 ./Drivers/STM32G4xx_HAL_Driver/Src/stm32g4xx_hal_spi.o
 .debug_abbrev  0x00000000000034db      0x28e ./Drivers/STM32G4xx_HAL_Driver/Src/stm32g4xx_hal_tim.o
 .debug_abbrev  0x0000000000003769      0x2ab ./Drivers/STM32G4xx_HAL_Driver/Src/stm32g4xx_hal_tim_ex.o
 .debug_abbrev  0x0000000000003a14      0x22f ./Drivers/STM32G4xx_HAL_Driver/Src/stm32g4xx_ll_usb.o
 .debug_abbrev  0x0000000000003c43      0x2a6 ./Middlewares/ST/STM32_USB_Device_Library/Class/CDC/Src/usbd_cdc.o
 .debug_abbrev  0x0000000000003ee9      0x23d ./Middlewares/ST/STM32_USB_Device_Library/Core/Src/usbd_core.o
 .debug_abbrev  0x0000000000004126      0x26d ./Middlewares/ST/STM32_USB_Device_Library/Core/Src/usbd_ctlreq.o
 .debug_abbrev  0x0000000000004393      0x19b ./Middlewares/ST/STM32_USB_Device_Library/Core/Src/usbd_ioreq.o
 .debug_abbrev  0x000000000000452e      0x19b ./USB_Device/App/usb_device.o
 .debug_abbrev  0x00000000000046c9      0x2a1 ./USB_Device/App/usbd_cdc_if.o
 .debug_abbrev  0x000000000000496a      0x209 ./USB_Device/App/usbd_desc.o
 .debug_abbrev  0x0000000000004b73      0x31d ./USB_Device/Target/usbd_conf.o

.debug_aranges  0x0000000000000000     0x1f58
 .debug_aranges
                0x0000000000000000       0x38 ./Core/Src/adc.o
 .debug_aranges
                0x0000000000000038       0x30 ./Core/Src/cordic.o
 .debug_aranges
                0x0000000000000068       0x30 ./Core/Src/fdcan.o
 .debug_aranges
                0x0000000000000098       0x20 ./Core/Src/gpio.o
 .debug_aranges
                0x00000000000000b8       0x30 ./Core/Src/i2c.o
 .debug_aranges
                0x00000000000000e8       0x30 ./Core/Src/main.o
 .debug_aranges
                0x0000000000000118       0x30 ./Core/Src/spi.o
 .debug_aranges
                0x0000000000000148       0x20 ./Core/Src/stm32g4xx_hal_msp.o
 .debug_aranges
                0x0000000000000168       0x68 ./Core/Src/stm32g4xx_it.o
 .debug_aranges
                0x00000000000001d0       0x28 ./Core/Src/system_stm32g4xx.o
 .debug_aranges
                0x00000000000001f8       0x38 ./Core/Src/tim.o
 .debug_aranges
                0x0000000000000230       0x28 ./Core/Startup/startup_stm32g431c8tx.o
 .debug_aranges
                0x0000000000000258      0x130 ./Drivers/STM32G4xx_HAL_Driver/Src/stm32g4xx_hal.o
 .debug_aranges
                0x0000000000000388      0x248 ./Drivers/STM32G4xx_HAL_Driver/Src/stm32g4xx_hal_adc.o
 .debug_aranges
                0x00000000000005d0      0x1c0 ./Drivers/STM32G4xx_HAL_Driver/Src/stm32g4xx_hal_adc_ex.o
 .debug_aranges
                0x0000000000000790       0xb0 ./Drivers/STM32G4xx_HAL_Driver/Src/stm32g4xx_hal_cordic.o
 .debug_aranges
                0x0000000000000840      0x118 ./Drivers/STM32G4xx_HAL_Driver/Src/stm32g4xx_hal_cortex.o
 .debug_aranges
                0x0000000000000958      0x208 ./Drivers/STM32G4xx_HAL_Driver/Src/stm32g4xx_hal_fdcan.o
 .debug_aranges
                0x0000000000000b60       0x58 ./Drivers/STM32G4xx_HAL_Driver/Src/stm32g4xx_hal_gpio.o
 .debug_aranges
                0x0000000000000bb8      0x290 ./Drivers/STM32G4xx_HAL_Driver/Src/stm32g4xx_hal_i2c.o
 .debug_aranges
                0x0000000000000e48       0x48 ./Drivers/STM32G4xx_HAL_Driver/Src/stm32g4xx_hal_i2c_ex.o
 .debug_aranges
                0x0000000000000e90      0x130 ./Drivers/STM32G4xx_HAL_Driver/Src/stm32g4xx_hal_pcd.o
 .debug_aranges
                0x0000000000000fc0       0x58 ./Drivers/STM32G4xx_HAL_Driver/Src/stm32g4xx_hal_pcd_ex.o
 .debug_aranges
                0x0000000000001018      0x140 ./Drivers/STM32G4xx_HAL_Driver/Src/stm32g4xx_hal_pwr_ex.o
 .debug_aranges
                0x0000000000001158       0x98 ./Drivers/STM32G4xx_HAL_Driver/Src/stm32g4xx_hal_rcc.o
 .debug_aranges
                0x00000000000011f0       0xb0 ./Drivers/STM32G4xx_HAL_Driver/Src/stm32g4xx_hal_rcc_ex.o
 .debug_aranges
                0x00000000000012a0      0x1d8 ./Drivers/STM32G4xx_HAL_Driver/Src/stm32g4xx_hal_spi.o
 .debug_aranges
                0x0000000000001478      0x3e0 ./Drivers/STM32G4xx_HAL_Driver/Src/stm32g4xx_hal_tim.o
 .debug_aranges
                0x0000000000001858      0x240 ./Drivers/STM32G4xx_HAL_Driver/Src/stm32g4xx_hal_tim_ex.o
 .debug_aranges
                0x0000000000001a98       0xb0 ./Drivers/STM32G4xx_HAL_Driver/Src/stm32g4xx_ll_usb.o
 .debug_aranges
                0x0000000000001b48       0x90 ./Middlewares/ST/STM32_USB_Device_Library/Class/CDC/Src/usbd_cdc.o
 .debug_aranges
                0x0000000000001bd8       0xb8 ./Middlewares/ST/STM32_USB_Device_Library/Core/Src/usbd_core.o
 .debug_aranges
                0x0000000000001c90       0x90 ./Middlewares/ST/STM32_USB_Device_Library/Core/Src/usbd_ctlreq.o
 .debug_aranges
                0x0000000000001d20       0x50 ./Middlewares/ST/STM32_USB_Device_Library/Core/Src/usbd_ioreq.o
 .debug_aranges
                0x0000000000001d70       0x20 ./USB_Device/App/usb_device.o
 .debug_aranges
                0x0000000000001d90       0x48 ./USB_Device/App/usbd_cdc_if.o
 .debug_aranges
                0x0000000000001dd8       0x60 ./USB_Device/App/usbd_desc.o
 .debug_aranges
                0x0000000000001e38      0x120 ./USB_Device/Target/usbd_conf.o

.debug_ranges   0x0000000000000000     0x1d00
 .debug_ranges  0x0000000000000000       0x28 ./Core/Src/adc.o
 .debug_ranges  0x0000000000000028       0x20 ./Core/Src/cordic.o
 .debug_ranges  0x0000000000000048       0x20 ./Core/Src/fdcan.o
 .debug_ranges  0x0000000000000068       0x10 ./Core/Src/gpio.o
 .debug_ranges  0x0000000000000078       0x20 ./Core/Src/i2c.o
 .debug_ranges  0x0000000000000098       0x20 ./Core/Src/main.o
 .debug_ranges  0x00000000000000b8       0x20 ./Core/Src/spi.o
 .debug_ranges  0x00000000000000d8       0x10 ./Core/Src/stm32g4xx_hal_msp.o
 .debug_ranges  0x00000000000000e8       0x58 ./Core/Src/stm32g4xx_it.o
 .debug_ranges  0x0000000000000140       0x18 ./Core/Src/system_stm32g4xx.o
 .debug_ranges  0x0000000000000158       0x28 ./Core/Src/tim.o
 .debug_ranges  0x0000000000000180       0x20 ./Core/Startup/startup_stm32g431c8tx.o
 .debug_ranges  0x00000000000001a0      0x120 ./Drivers/STM32G4xx_HAL_Driver/Src/stm32g4xx_hal.o
 .debug_ranges  0x00000000000002c0      0x238 ./Drivers/STM32G4xx_HAL_Driver/Src/stm32g4xx_hal_adc.o
 .debug_ranges  0x00000000000004f8      0x1b0 ./Drivers/STM32G4xx_HAL_Driver/Src/stm32g4xx_hal_adc_ex.o
 .debug_ranges  0x00000000000006a8       0xa0 ./Drivers/STM32G4xx_HAL_Driver/Src/stm32g4xx_hal_cordic.o
 .debug_ranges  0x0000000000000748      0x108 ./Drivers/STM32G4xx_HAL_Driver/Src/stm32g4xx_hal_cortex.o
 .debug_ranges  0x0000000000000850      0x1f8 ./Drivers/STM32G4xx_HAL_Driver/Src/stm32g4xx_hal_fdcan.o
 .debug_ranges  0x0000000000000a48       0x48 ./Drivers/STM32G4xx_HAL_Driver/Src/stm32g4xx_hal_gpio.o
 .debug_ranges  0x0000000000000a90      0x280 ./Drivers/STM32G4xx_HAL_Driver/Src/stm32g4xx_hal_i2c.o
 .debug_ranges  0x0000000000000d10       0x38 ./Drivers/STM32G4xx_HAL_Driver/Src/stm32g4xx_hal_i2c_ex.o
 .debug_ranges  0x0000000000000d48      0x120 ./Drivers/STM32G4xx_HAL_Driver/Src/stm32g4xx_hal_pcd.o
 .debug_ranges  0x0000000000000e68       0x48 ./Drivers/STM32G4xx_HAL_Driver/Src/stm32g4xx_hal_pcd_ex.o
 .debug_ranges  0x0000000000000eb0      0x130 ./Drivers/STM32G4xx_HAL_Driver/Src/stm32g4xx_hal_pwr_ex.o
 .debug_ranges  0x0000000000000fe0       0x88 ./Drivers/STM32G4xx_HAL_Driver/Src/stm32g4xx_hal_rcc.o
 .debug_ranges  0x0000000000001068       0xa0 ./Drivers/STM32G4xx_HAL_Driver/Src/stm32g4xx_hal_rcc_ex.o
 .debug_ranges  0x0000000000001108      0x1c8 ./Drivers/STM32G4xx_HAL_Driver/Src/stm32g4xx_hal_spi.o
 .debug_ranges  0x00000000000012d0      0x3d0 ./Drivers/STM32G4xx_HAL_Driver/Src/stm32g4xx_hal_tim.o
 .debug_ranges  0x00000000000016a0      0x230 ./Drivers/STM32G4xx_HAL_Driver/Src/stm32g4xx_hal_tim_ex.o
 .debug_ranges  0x00000000000018d0       0xa0 ./Drivers/STM32G4xx_HAL_Driver/Src/stm32g4xx_ll_usb.o
 .debug_ranges  0x0000000000001970       0x80 ./Middlewares/ST/STM32_USB_Device_Library/Class/CDC/Src/usbd_cdc.o
 .debug_ranges  0x00000000000019f0       0xa8 ./Middlewares/ST/STM32_USB_Device_Library/Core/Src/usbd_core.o
 .debug_ranges  0x0000000000001a98       0x80 ./Middlewares/ST/STM32_USB_Device_Library/Core/Src/usbd_ctlreq.o
 .debug_ranges  0x0000000000001b18       0x40 ./Middlewares/ST/STM32_USB_Device_Library/Core/Src/usbd_ioreq.o
 .debug_ranges  0x0000000000001b58       0x10 ./USB_Device/App/usb_device.o
 .debug_ranges  0x0000000000001b68       0x38 ./USB_Device/App/usbd_cdc_if.o
 .debug_ranges  0x0000000000001ba0       0x50 ./USB_Device/App/usbd_desc.o
 .debug_ranges  0x0000000000001bf0      0x110 ./USB_Device/Target/usbd_conf.o

.debug_macro    0x0000000000000000    0x25d80
 .debug_macro   0x0000000000000000      0x25c ./Core/Src/adc.o
 .debug_macro   0x000000000000025c      0xa78 ./Core/Src/adc.o
 .debug_macro   0x0000000000000cd4      0x179 ./Core/Src/adc.o
 .debug_macro   0x0000000000000e4d       0x2e ./Core/Src/adc.o
 .debug_macro   0x0000000000000e7b       0x28 ./Core/Src/adc.o
 .debug_macro   0x0000000000000ea3       0x22 ./Core/Src/adc.o
 .debug_macro   0x0000000000000ec5       0x8e ./Core/Src/adc.o
 .debug_macro   0x0000000000000f53       0x51 ./Core/Src/adc.o
 .debug_macro   0x0000000000000fa4      0x103 ./Core/Src/adc.o
 .debug_macro   0x00000000000010a7       0x6a ./Core/Src/adc.o
 .debug_macro   0x0000000000001111      0x1df ./Core/Src/adc.o
 .debug_macro   0x00000000000012f0       0x1c ./Core/Src/adc.o
 .debug_macro   0x000000000000130c       0x22 ./Core/Src/adc.o
 .debug_macro   0x000000000000132e       0xfb ./Core/Src/adc.o
 .debug_macro   0x0000000000001429     0x1011 ./Core/Src/adc.o
 .debug_macro   0x000000000000243a      0x11f ./Core/Src/adc.o
 .debug_macro   0x0000000000002559    0x11396 ./Core/Src/adc.o
 .debug_macro   0x00000000000138ef       0x6d ./Core/Src/adc.o
 .debug_macro   0x000000000001395c     0x3554 ./Core/Src/adc.o
 .debug_macro   0x0000000000016eb0      0x174 ./Core/Src/adc.o
 .debug_macro   0x0000000000017024       0x5c ./Core/Src/adc.o
 .debug_macro   0x0000000000017080     0x141d ./Core/Src/adc.o
 .debug_macro   0x000000000001849d      0x535 ./Core/Src/adc.o
 .debug_macro   0x00000000000189d2      0x1b6 ./Core/Src/adc.o
 .debug_macro   0x0000000000018b88      0x288 ./Core/Src/adc.o
 .debug_macro   0x0000000000018e10      0x41d ./Core/Src/adc.o
 .debug_macro   0x000000000001922d      0x18b ./Core/Src/adc.o
 .debug_macro   0x00000000000193b8       0x43 ./Core/Src/adc.o
 .debug_macro   0x00000000000193fb      0x23d ./Core/Src/adc.o
 .debug_macro   0x0000000000019638     0x10fd ./Core/Src/adc.o
 .debug_macro   0x000000000001a735      0x72e ./Core/Src/adc.o
 .debug_macro   0x000000000001ae63      0x391 ./Core/Src/adc.o
 .debug_macro   0x000000000001b1f4      0x1f4 ./Core/Src/adc.o
 .debug_macro   0x000000000001b3e8      0x211 ./Core/Src/adc.o
 .debug_macro   0x000000000001b5f9      0x6af ./Core/Src/adc.o
 .debug_macro   0x000000000001bca8      0x401 ./Core/Src/adc.o
 .debug_macro   0x000000000001c0a9      0x107 ./Core/Src/adc.o
 .debug_macro   0x000000000001c1b0      0x22c ./Core/Src/adc.o
 .debug_macro   0x000000000001c3dc       0x61 ./Core/Src/adc.o
 .debug_macro   0x000000000001c43d       0xa5 ./Core/Src/adc.o
 .debug_macro   0x000000000001c4e2       0x6c ./Core/Src/adc.o
 .debug_macro   0x000000000001c54e      0x234 ./Core/Src/adc.o
 .debug_macro   0x000000000001c782      0x122 ./Core/Src/adc.o
 .debug_macro   0x000000000001c8a4      0x3d1 ./Core/Src/adc.o
 .debug_macro   0x000000000001cc75      0x2fe ./Core/Src/adc.o
 .debug_macro   0x000000000001cf73      0xbbe ./Core/Src/adc.o
 .debug_macro   0x000000000001db31      0x47e ./Core/Src/adc.o
 .debug_macro   0x000000000001dfaf      0x306 ./Core/Src/adc.o
 .debug_macro   0x000000000001e2b5       0x10 ./Core/Src/adc.o
 .debug_macro   0x000000000001e2c5      0x25c ./Core/Src/cordic.o
 .debug_macro   0x000000000001e521      0x25c ./Core/Src/fdcan.o
 .debug_macro   0x000000000001e77d      0x25c ./Core/Src/gpio.o
 .debug_macro   0x000000000001e9d9      0x25c ./Core/Src/i2c.o
 .debug_macro   0x000000000001ec35      0x487 ./Core/Src/main.o
 .debug_macro   0x000000000001f0bc       0x52 ./Core/Src/main.o
 .debug_macro   0x000000000001f10e       0x1e ./Core/Src/main.o
 .debug_macro   0x000000000001f12c       0x3c ./Core/Src/main.o
 .debug_macro   0x000000000001f168       0x34 ./Core/Src/main.o
 .debug_macro   0x000000000001f19c       0x16 ./Core/Src/main.o
 .debug_macro   0x000000000001f1b2       0x35 ./Core/Src/main.o
 .debug_macro   0x000000000001f1e7      0x341 ./Core/Src/main.o
 .debug_macro   0x000000000001f528       0x10 ./Core/Src/main.o
 .debug_macro   0x000000000001f538       0x16 ./Core/Src/main.o
 .debug_macro   0x000000000001f54e       0x43 ./Core/Src/main.o
 .debug_macro   0x000000000001f591       0x34 ./Core/Src/main.o
 .debug_macro   0x000000000001f5c5       0x10 ./Core/Src/main.o
 .debug_macro   0x000000000001f5d5       0x58 ./Core/Src/main.o
 .debug_macro   0x000000000001f62d       0x71 ./Core/Src/main.o
 .debug_macro   0x000000000001f69e       0x1c ./Core/Src/main.o
 .debug_macro   0x000000000001f6ba      0x12a ./Core/Src/main.o
 .debug_macro   0x000000000001f7e4       0x10 ./Core/Src/main.o
 .debug_macro   0x000000000001f7f4       0x1c ./Core/Src/main.o
 .debug_macro   0x000000000001f810       0x52 ./Core/Src/main.o
 .debug_macro   0x000000000001f862       0x22 ./Core/Src/main.o
 .debug_macro   0x000000000001f884       0x10 ./Core/Src/main.o
 .debug_macro   0x000000000001f894       0x52 ./Core/Src/main.o
 .debug_macro   0x000000000001f8e6       0xd5 ./Core/Src/main.o
 .debug_macro   0x000000000001f9bb       0x1c ./Core/Src/main.o
 .debug_macro   0x000000000001f9d7       0x3d ./Core/Src/main.o
 .debug_macro   0x000000000001fa14       0x16 ./Core/Src/main.o
 .debug_macro   0x000000000001fa2a      0x145 ./Core/Src/main.o
 .debug_macro   0x000000000001fb6f       0x16 ./Core/Src/main.o
 .debug_macro   0x000000000001fb85       0x16 ./Core/Src/main.o
 .debug_macro   0x000000000001fb9b       0x29 ./Core/Src/main.o
 .debug_macro   0x000000000001fbc4       0x16 ./Core/Src/main.o
 .debug_macro   0x000000000001fbda       0x20 ./Core/Src/main.o
 .debug_macro   0x000000000001fbfa       0x5f ./Core/Src/main.o
 .debug_macro   0x000000000001fc59      0x1ef ./Core/Src/main.o
 .debug_macro   0x000000000001fe48      0x25c ./Core/Src/spi.o
 .debug_macro   0x00000000000200a4      0x252 ./Core/Src/stm32g4xx_hal_msp.o
 .debug_macro   0x00000000000202f6      0x25c ./Core/Src/stm32g4xx_it.o
 .debug_macro   0x0000000000020552      0x243 ./Core/Src/system_stm32g4xx.o
 .debug_macro   0x0000000000020795      0x25c ./Core/Src/tim.o
 .debug_macro   0x00000000000209f1      0x291 ./Drivers/STM32G4xx_HAL_Driver/Src/stm32g4xx_hal.o
 .debug_macro   0x0000000000020c82      0x260 ./Drivers/STM32G4xx_HAL_Driver/Src/stm32g4xx_hal_adc.o
 .debug_macro   0x0000000000020ee2      0x24f ./Drivers/STM32G4xx_HAL_Driver/Src/stm32g4xx_hal_adc_ex.o
 .debug_macro   0x0000000000021131      0x244 ./Drivers/STM32G4xx_HAL_Driver/Src/stm32g4xx_hal_cordic.o
 .debug_macro   0x0000000000021375      0x243 ./Drivers/STM32G4xx_HAL_Driver/Src/stm32g4xx_hal_cortex.o
 .debug_macro   0x00000000000215b8      0x355 ./Drivers/STM32G4xx_HAL_Driver/Src/stm32g4xx_hal_fdcan.o
 .debug_macro   0x000000000002190d      0x24a ./Drivers/STM32G4xx_HAL_Driver/Src/stm32g4xx_hal_gpio.o
 .debug_macro   0x0000000000021b57      0x30f ./Drivers/STM32G4xx_HAL_Driver/Src/stm32g4xx_hal_i2c.o
 .debug_macro   0x0000000000021e66      0x243 ./Drivers/STM32G4xx_HAL_Driver/Src/stm32g4xx_hal_i2c_ex.o
 .debug_macro   0x00000000000220a9      0x24f ./Drivers/STM32G4xx_HAL_Driver/Src/stm32g4xx_hal_pcd.o
 .debug_macro   0x00000000000222f8      0x243 ./Drivers/STM32G4xx_HAL_Driver/Src/stm32g4xx_hal_pcd_ex.o
 .debug_macro   0x000000000002253b      0x26d ./Drivers/STM32G4xx_HAL_Driver/Src/stm32g4xx_hal_pwr_ex.o
 .debug_macro   0x00000000000227a8      0x285 ./Drivers/STM32G4xx_HAL_Driver/Src/stm32g4xx_hal_rcc.o
 .debug_macro   0x0000000000022a2d      0x26d ./Drivers/STM32G4xx_HAL_Driver/Src/stm32g4xx_hal_rcc_ex.o
 .debug_macro   0x0000000000022c9a      0x24b ./Drivers/STM32G4xx_HAL_Driver/Src/stm32g4xx_hal_spi.o
 .debug_macro   0x0000000000022ee5      0x24b ./Drivers/STM32G4xx_HAL_Driver/Src/stm32g4xx_hal_tim.o
 .debug_macro   0x0000000000023130      0x249 ./Drivers/STM32G4xx_HAL_Driver/Src/stm32g4xx_hal_tim_ex.o
 .debug_macro   0x0000000000023379      0x243 ./Drivers/STM32G4xx_HAL_Driver/Src/stm32g4xx_ll_usb.o
 .debug_macro   0x00000000000235bc      0x459 ./Middlewares/ST/STM32_USB_Device_Library/Class/CDC/Src/usbd_cdc.o
 .debug_macro   0x0000000000023a15       0x97 ./Middlewares/ST/STM32_USB_Device_Library/Class/CDC/Src/usbd_cdc.o
 .debug_macro   0x0000000000023aac       0xfd ./Middlewares/ST/STM32_USB_Device_Library/Class/CDC/Src/usbd_cdc.o
 .debug_macro   0x0000000000023ba9       0x56 ./Middlewares/ST/STM32_USB_Device_Library/Class/CDC/Src/usbd_cdc.o
 .debug_macro   0x0000000000023bff       0x95 ./Middlewares/ST/STM32_USB_Device_Library/Class/CDC/Src/usbd_cdc.o
 .debug_macro   0x0000000000023c94      0x440 ./Middlewares/ST/STM32_USB_Device_Library/Core/Src/usbd_core.o
 .debug_macro   0x00000000000240d4      0x1f5 ./Middlewares/ST/STM32_USB_Device_Library/Core/Src/usbd_core.o
 .debug_macro   0x00000000000242c9      0x44a ./Middlewares/ST/STM32_USB_Device_Library/Core/Src/usbd_ctlreq.o
 .debug_macro   0x0000000000024713      0x446 ./Middlewares/ST/STM32_USB_Device_Library/Core/Src/usbd_ioreq.o
 .debug_macro   0x0000000000024b59      0x47f ./USB_Device/App/usb_device.o
 .debug_macro   0x0000000000024fd8       0x22 ./USB_Device/App/usb_device.o
 .debug_macro   0x0000000000024ffa       0x16 ./USB_Device/App/usb_device.o
 .debug_macro   0x0000000000025010      0x464 ./USB_Device/App/usbd_cdc_if.o
 .debug_macro   0x0000000000025474       0x10 ./USB_Device/App/usbd_cdc_if.o
 .debug_macro   0x0000000000025484      0x47d ./USB_Device/App/usbd_desc.o
 .debug_macro   0x0000000000025901       0x1c ./USB_Device/App/usbd_desc.o
 .debug_macro   0x000000000002591d      0x463 ./USB_Device/Target/usbd_conf.o

.debug_line     0x0000000000000000    0x26a4e
 .debug_line    0x0000000000000000      0x95d ./Core/Src/adc.o
 .debug_line    0x000000000000095d      0x810 ./Core/Src/cordic.o
 .debug_line    0x000000000000116d      0x865 ./Core/Src/fdcan.o
 .debug_line    0x00000000000019d2      0x7de ./Core/Src/gpio.o
 .debug_line    0x00000000000021b0      0x870 ./Core/Src/i2c.o
 .debug_line    0x0000000000002a20      0xb56 ./Core/Src/main.o
 .debug_line    0x0000000000003576      0x847 ./Core/Src/spi.o
 .debug_line    0x0000000000003dbd      0x7cf ./Core/Src/stm32g4xx_hal_msp.o
 .debug_line    0x000000000000458c      0x8a9 ./Core/Src/stm32g4xx_it.o
 .debug_line    0x0000000000004e35      0x838 ./Core/Src/system_stm32g4xx.o
 .debug_line    0x000000000000566d      0x8e4 ./Core/Src/tim.o
 .debug_line    0x0000000000005f51       0x89 ./Core/Startup/startup_stm32g431c8tx.o
 .debug_line    0x0000000000005fda      0xbaf ./Drivers/STM32G4xx_HAL_Driver/Src/stm32g4xx_hal.o
 .debug_line    0x0000000000006b89     0x1f4a ./Drivers/STM32G4xx_HAL_Driver/Src/stm32g4xx_hal_adc.o
 .debug_line    0x0000000000008ad3     0x19ad ./Drivers/STM32G4xx_HAL_Driver/Src/stm32g4xx_hal_adc_ex.o
 .debug_line    0x000000000000a480      0xc78 ./Drivers/STM32G4xx_HAL_Driver/Src/stm32g4xx_hal_cordic.o
 .debug_line    0x000000000000b0f8      0xd62 ./Drivers/STM32G4xx_HAL_Driver/Src/stm32g4xx_hal_cortex.o
 .debug_line    0x000000000000be5a     0x1918 ./Drivers/STM32G4xx_HAL_Driver/Src/stm32g4xx_hal_fdcan.o
 .debug_line    0x000000000000d772      0xbf2 ./Drivers/STM32G4xx_HAL_Driver/Src/stm32g4xx_hal_gpio.o
 .debug_line    0x000000000000e364     0x3456 ./Drivers/STM32G4xx_HAL_Driver/Src/stm32g4xx_hal_i2c.o
 .debug_line    0x00000000000117ba      0x9ec ./Drivers/STM32G4xx_HAL_Driver/Src/stm32g4xx_hal_i2c_ex.o
 .debug_line    0x00000000000121a6     0x13d7 ./Drivers/STM32G4xx_HAL_Driver/Src/stm32g4xx_hal_pcd.o
 .debug_line    0x000000000001357d      0x943 ./Drivers/STM32G4xx_HAL_Driver/Src/stm32g4xx_hal_pcd_ex.o
 .debug_line    0x0000000000013ec0      0xd66 ./Drivers/STM32G4xx_HAL_Driver/Src/stm32g4xx_hal_pwr_ex.o
 .debug_line    0x0000000000014c26      0xfc5 ./Drivers/STM32G4xx_HAL_Driver/Src/stm32g4xx_hal_rcc.o
 .debug_line    0x0000000000015beb     0x1188 ./Drivers/STM32G4xx_HAL_Driver/Src/stm32g4xx_hal_rcc_ex.o